// Jest Snapshot v1, https://goo.gl/fbAQLP

exports[`Card when loaded should display the card 1`] = `
<div
  class="card svelte-ayymqd"
  data-testid="card"
>
  <div
    class="svelte-14jn1vn"
  >
    <span
      class="svelte-14jn1vn"
    >
      B
    </span>
  </div>
  <div
    class="svelte-14jn1vn"
  >
    <span
      class="svelte-14jn1vn"
    >
      I
    </span>
  </div>
  <div
    class="svelte-14jn1vn"
  >
    <span
      class="svelte-14jn1vn"
    >
      N
    </span>
  </div>
  <div
    class="svelte-14jn1vn"
  >
    <span
      class="svelte-14jn1vn"
    >
      G
    </span>
  </div>
  <div
    class="svelte-14jn1vn"
  >
    <span
      class="svelte-14jn1vn"
    >
      O
    </span>
  </div>
   
  <div
    class="svelte-10u2fis lit"
    role="button"
  >
    <span
      class="svelte-10u2fis"
    >
      12
    </span>
  </div>
  <div
    class="svelte-10u2fis"
    role="button"
  >
    <span
      class="svelte-10u2fis"
    >
      18
    </span>
  </div>
  <div
    class="svelte-10u2fis"
    role="button"
  >
    <span
      class="svelte-10u2fis"
    >
      34
    </span>
  </div>
  <div
    class="svelte-10u2fis"
    role="button"
  >
    <span
      class="svelte-10u2fis"
    >
      47
    </span>
  </div>
  <div
    class="svelte-10u2fis"
    role="button"
  >
    <span
      class="svelte-10u2fis"
    >
      66
    </span>
  </div>
  
  <div
    class="svelte-10u2fis"
    role="button"
  >
    <span
      class="svelte-10u2fis"
    >
      13
    </span>
  </div>
  <div
    class="svelte-10u2fis"
    role="button"
  >
    <span
      class="svelte-10u2fis"
    >
      16
    </span>
  </div>
  <div
    class="svelte-10u2fis"
    role="button"
  >
    <span
      class="svelte-10u2fis"
    >
      32
    </span>
  </div>
  <div
    class="svelte-10u2fis"
    role="button"
  >
    <span
      class="svelte-10u2fis"
    >
      53
    </span>
  </div>
  <div
    class="svelte-10u2fis"
    role="button"
  >
    <span
      class="svelte-10u2fis"
    >
      62
    </span>
  </div>
  
  <div
    class="svelte-10u2fis"
    role="button"
  >
    <span
      class="svelte-10u2fis"
    >
      4
    </span>
  </div>
  <div
    class="svelte-10u2fis"
    role="button"
  >
    <span
      class="svelte-10u2fis"
    >
      29
    </span>
  </div>
  <div
    class="svelte-10u2fis lit"
    role="button"
  >
    <span
      class="svelte-10u2fis"
    >
      free
    </span>
  </div>
  <div
    class="svelte-10u2fis"
    role="button"
  >
    <span
      class="svelte-10u2fis"
    >
      50
    </span>
  </div>
  <div
    class="svelte-10u2fis"
    role="button"
  >
    <span
      class="svelte-10u2fis"
    >
      70
    </span>
  </div>
  
  <div
    class="svelte-10u2fis"
    role="button"
  >
    <span
      class="svelte-10u2fis"
    >
      7
    </span>
  </div>
  <div
    class="svelte-10u2fis"
    role="button"
  >
    <span
      class="svelte-10u2fis"
    >
      23
    </span>
  </div>
  <div
    class="svelte-10u2fis"
    role="button"
  >
    <span
      class="svelte-10u2fis"
    >
      37
    </span>
  </div>
  <div
    class="svelte-10u2fis"
    role="button"
  >
    <span
      class="svelte-10u2fis"
    >
      56
    </span>
  </div>
  <div
    class="svelte-10u2fis"
    role="button"
  >
    <span
      class="svelte-10u2fis"
    >
      72
    </span>
  </div>
  
  <div
    class="svelte-10u2fis"
    role="button"
  >
    <span
      class="svelte-10u2fis"
    >
      2
    </span>
  </div>
  <div
    class="svelte-10u2fis"
    role="button"
  >
    <span
      class="svelte-10u2fis"
    >
      30
    </span>
  </div>
  <div
    class="svelte-10u2fis"
    role="button"
  >
    <span
      class="svelte-10u2fis"
    >
      31
    </span>
  </div>
  <div
    class="svelte-10u2fis"
    role="button"
  >
    <span
      class="svelte-10u2fis"
    >
      49
    </span>
  </div>
  <div
    class="svelte-10u2fis lit"
    role="button"
  >
    <span
      class="svelte-10u2fis"
    >
      63
    </span>
  </div>
  
   
  <div
    class="foot svelte-ayymqd"
  >
    12345
  </div>
</div>
`;
