// Jest Snapshot v1, https://goo.gl/fbAQLP

exports[`GAME_MAPS should represent games 1`] = `
Array [
  Array [
    Array [
      1,
      1,
      1,
      1,
      1,
    ],
    Array [
      1,
      0,
      0,
      0,
      1,
    ],
    Array [
      1,
      0,
      0,
      0,
      1,
    ],
    Array [
      1,
      0,
      0,
      0,
      1,
    ],
    Array [
      1,
      1,
      1,
      1,
      1,
    ],
  ],
  Array [
    Array [
      0,
      0,
      0,
      0,
      0,
    ],
    Array [
      0,
      1,
      1,
      1,
      0,
    ],
    Array [
      0,
      1,
      0,
      1,
      0,
    ],
    Array [
      0,
      1,
      1,
      1,
      0,
    ],
    Array [
      0,
      0,
      0,
      0,
      0,
    ],
  ],
  Array [
    Array [
      1,
      1,
      0,
      1,
      1,
    ],
    Array [
      1,
      1,
      0,
      1,
      1,
    ],
    Array [
      0,
      0,
      0,
      0,
      0,
    ],
    Array [
      1,
      1,
      0,
      1,
      1,
    ],
    Array [
      1,
      1,
      0,
      1,
      1,
    ],
  ],
  Array [
    Array [
      1,
      0,
      0,
      0,
      1,
    ],
    Array [
      0,
      1,
      0,
      1,
      0,
    ],
    Array [
      0,
      0,
      1,
      0,
      0,
    ],
    Array [
      0,
      1,
      0,
      1,
      0,
    ],
    Array [
      1,
      0,
      0,
      0,
      1,
    ],
  ],
  Array [
    Array [
      1,
      1,
      1,
      1,
      1,
    ],
    Array [
      0,
      0,
      1,
      0,
      0,
    ],
    Array [
      0,
      0,
      1,
      0,
      0,
    ],
    Array [
      0,
      0,
      1,
      0,
      0,
    ],
    Array [
      0,
      0,
      1,
      0,
      0,
    ],
  ],
  Array [
    Array [
      0,
      0,
      1,
      0,
      0,
    ],
    Array [
      0,
      0,
      1,
      0,
      0,
    ],
    Array [
      1,
      1,
      1,
      1,
      1,
    ],
    Array [
      0,
      0,
      1,
      0,
      0,
    ],
    Array [
      0,
      0,
      1,
      0,
      0,
    ],
  ],
  Array [
    Array [
      1,
      0,
      0,
      0,
      0,
    ],
    Array [
      1,
      0,
      0,
      0,
      0,
    ],
    Array [
      1,
      0,
      0,
      0,
      0,
    ],
    Array [
      1,
      0,
      0,
      0,
      0,
    ],
    Array [
      1,
      1,
      1,
      1,
      1,
    ],
  ],
  Array [
    Array [
      1,
      1,
      1,
      1,
      1,
    ],
    Array [
      1,
      1,
      1,
      1,
      1,
    ],
    Array [
      1,
      1,
      1,
      1,
      1,
    ],
    Array [
      1,
      1,
      1,
      1,
      1,
    ],
    Array [
      1,
      1,
      1,
      1,
      1,
    ],
  ],
]
`;
