// Vitest Snapshot v1, https://vitest.dev/guide/snapshot.html

exports[`getCard > should create a bingo card 1`] = `
{
  "rows": [
    [
      12,
      18,
      34,
      47,
      66,
    ],
    [
      13,
      16,
      32,
      53,
      62,
    ],
    [
      4,
      29,
      0,
      50,
      70,
    ],
    [
      7,
      23,
      37,
      56,
      72,
    ],
    [
      2,
      30,
      31,
      49,
      63,
    ],
  ],
  "seed": 12345,
}
`;
