// Vitest Snapshot v1, https://vitest.dev/guide/snapshot.html

exports[`Board > card # input > when seed is valid > should create matching card 1`] = `
<div
  class="card s-rd2yZI2QwEJR"
  data-testid="card"
>
  <div
    class="s-RS4ZBOUWIyHj"
  >
    <span
      class="s-RS4ZBOUWIyHj"
    >
      B
    </span>
  </div>
  <!--&lt;Letter&gt;-->
  <div
    class="s-RS4ZBOUWIyHj"
  >
    <span
      class="s-RS4ZBOUWIyHj"
    >
      I
    </span>
  </div>
  <!--&lt;Letter&gt;-->
  <div
    class="s-RS4ZBOUWIyHj"
  >
    <span
      class="s-RS4ZBOUWIyHj"
    >
      N
    </span>
  </div>
  <!--&lt;Letter&gt;-->
  <div
    class="s-RS4ZBOUWIyHj"
  >
    <span
      class="s-RS4ZBOUWIyHj"
    >
      G
    </span>
  </div>
  <!--&lt;Letter&gt;-->
  <div
    class="s-RS4ZBOUWIyHj"
  >
    <span
      class="s-RS4ZBOUWIyHj"
    >
      O
    </span>
  </div>
  <!--&lt;Letter&gt;-->
   
  <button
    aria-checked="false"
    class="s-H7--1TZSAuX0"
    role="switch"
  >
    <div
      class="s-H7--1TZSAuX0"
    >
      12
    </div>
  </button>
  <!--&lt;Ball&gt;-->
  <button
    aria-checked="false"
    class="s-H7--1TZSAuX0"
    role="switch"
  >
    <div
      class="s-H7--1TZSAuX0"
    >
      18
    </div>
  </button>
  <!--&lt;Ball&gt;-->
  <button
    aria-checked="false"
    class="s-H7--1TZSAuX0"
    role="switch"
  >
    <div
      class="s-H7--1TZSAuX0"
    >
      34
    </div>
  </button>
  <!--&lt;Ball&gt;-->
  <button
    aria-checked="false"
    class="s-H7--1TZSAuX0"
    role="switch"
  >
    <div
      class="s-H7--1TZSAuX0"
    >
      47
    </div>
  </button>
  <!--&lt;Ball&gt;-->
  <button
    aria-checked="false"
    class="s-H7--1TZSAuX0"
    role="switch"
  >
    <div
      class="s-H7--1TZSAuX0"
    >
      66
    </div>
  </button>
  <!--&lt;Ball&gt;-->
  
  <button
    aria-checked="false"
    class="s-H7--1TZSAuX0"
    role="switch"
  >
    <div
      class="s-H7--1TZSAuX0"
    >
      13
    </div>
  </button>
  <!--&lt;Ball&gt;-->
  <button
    aria-checked="false"
    class="s-H7--1TZSAuX0"
    role="switch"
  >
    <div
      class="s-H7--1TZSAuX0"
    >
      16
    </div>
  </button>
  <!--&lt;Ball&gt;-->
  <button
    aria-checked="false"
    class="s-H7--1TZSAuX0"
    role="switch"
  >
    <div
      class="s-H7--1TZSAuX0"
    >
      32
    </div>
  </button>
  <!--&lt;Ball&gt;-->
  <button
    aria-checked="false"
    class="s-H7--1TZSAuX0"
    role="switch"
  >
    <div
      class="s-H7--1TZSAuX0"
    >
      53
    </div>
  </button>
  <!--&lt;Ball&gt;-->
  <button
    aria-checked="false"
    class="s-H7--1TZSAuX0"
    role="switch"
  >
    <div
      class="s-H7--1TZSAuX0"
    >
      62
    </div>
  </button>
  <!--&lt;Ball&gt;-->
  
  <button
    aria-checked="false"
    class="s-H7--1TZSAuX0"
    role="switch"
  >
    <div
      class="s-H7--1TZSAuX0"
    >
      4
    </div>
  </button>
  <!--&lt;Ball&gt;-->
  <button
    aria-checked="false"
    class="s-H7--1TZSAuX0"
    role="switch"
  >
    <div
      class="s-H7--1TZSAuX0"
    >
      29
    </div>
  </button>
  <!--&lt;Ball&gt;-->
  <button
    aria-checked="true"
    class="s-H7--1TZSAuX0"
    role="switch"
  >
    <div
      class="s-H7--1TZSAuX0"
    >
      free
    </div>
  </button>
  <!--&lt;Ball&gt;-->
  <button
    aria-checked="false"
    class="s-H7--1TZSAuX0"
    role="switch"
  >
    <div
      class="s-H7--1TZSAuX0"
    >
      50
    </div>
  </button>
  <!--&lt;Ball&gt;-->
  <button
    aria-checked="false"
    class="s-H7--1TZSAuX0"
    role="switch"
  >
    <div
      class="s-H7--1TZSAuX0"
    >
      70
    </div>
  </button>
  <!--&lt;Ball&gt;-->
  
  <button
    aria-checked="false"
    class="s-H7--1TZSAuX0"
    role="switch"
  >
    <div
      class="s-H7--1TZSAuX0"
    >
      7
    </div>
  </button>
  <!--&lt;Ball&gt;-->
  <button
    aria-checked="false"
    class="s-H7--1TZSAuX0"
    role="switch"
  >
    <div
      class="s-H7--1TZSAuX0"
    >
      23
    </div>
  </button>
  <!--&lt;Ball&gt;-->
  <button
    aria-checked="false"
    class="s-H7--1TZSAuX0"
    role="switch"
  >
    <div
      class="s-H7--1TZSAuX0"
    >
      37
    </div>
  </button>
  <!--&lt;Ball&gt;-->
  <button
    aria-checked="false"
    class="s-H7--1TZSAuX0"
    role="switch"
  >
    <div
      class="s-H7--1TZSAuX0"
    >
      56
    </div>
  </button>
  <!--&lt;Ball&gt;-->
  <button
    aria-checked="false"
    class="s-H7--1TZSAuX0"
    role="switch"
  >
    <div
      class="s-H7--1TZSAuX0"
    >
      72
    </div>
  </button>
  <!--&lt;Ball&gt;-->
  
  <button
    aria-checked="false"
    class="s-H7--1TZSAuX0"
    role="switch"
  >
    <div
      class="s-H7--1TZSAuX0"
    >
      2
    </div>
  </button>
  <!--&lt;Ball&gt;-->
  <button
    aria-checked="false"
    class="s-H7--1TZSAuX0"
    role="switch"
  >
    <div
      class="s-H7--1TZSAuX0"
    >
      30
    </div>
  </button>
  <!--&lt;Ball&gt;-->
  <button
    aria-checked="false"
    class="s-H7--1TZSAuX0"
    role="switch"
  >
    <div
      class="s-H7--1TZSAuX0"
    >
      31
    </div>
  </button>
  <!--&lt;Ball&gt;-->
  <button
    aria-checked="false"
    class="s-H7--1TZSAuX0"
    role="switch"
  >
    <div
      class="s-H7--1TZSAuX0"
    >
      49
    </div>
  </button>
  <!--&lt;Ball&gt;-->
  <button
    aria-checked="false"
    class="s-H7--1TZSAuX0"
    role="switch"
  >
    <div
      class="s-H7--1TZSAuX0"
    >
      63
    </div>
  </button>
  <!--&lt;Ball&gt;-->
  
   
  <div
    class="foot s-rd2yZI2QwEJR"
  >
    12345
  </div>
</div>
`;

exports[`Board > should render 1`] = `
<body>
  <div>
    <div
      class="s-2RVjeSlHuQ1D"
    >
      <div
        class="board s-2RVjeSlHuQ1D"
        data-testid="board"
      >
        <div
          class="s-RS4ZBOUWIyHj"
        >
          <span
            class="s-RS4ZBOUWIyHj"
          >
            B
          </span>
        </div>
        <!--&lt;Letter&gt;-->
         
        <button
          aria-checked="false"
          class="s-H7--1TZSAuX0"
          role="switch"
        >
          <div
            class="s-H7--1TZSAuX0"
          >
            1
          </div>
        </button>
        <!--&lt;Ball&gt;-->
        <button
          aria-checked="false"
          class="s-H7--1TZSAuX0"
          role="switch"
        >
          <div
            class="s-H7--1TZSAuX0"
          >
            2
          </div>
        </button>
        <!--&lt;Ball&gt;-->
        <button
          aria-checked="false"
          class="s-H7--1TZSAuX0"
          role="switch"
        >
          <div
            class="s-H7--1TZSAuX0"
          >
            3
          </div>
        </button>
        <!--&lt;Ball&gt;-->
        <button
          aria-checked="false"
          class="s-H7--1TZSAuX0"
          role="switch"
        >
          <div
            class="s-H7--1TZSAuX0"
          >
            4
          </div>
        </button>
        <!--&lt;Ball&gt;-->
        <button
          aria-checked="false"
          class="s-H7--1TZSAuX0"
          role="switch"
        >
          <div
            class="s-H7--1TZSAuX0"
          >
            5
          </div>
        </button>
        <!--&lt;Ball&gt;-->
        <button
          aria-checked="false"
          class="s-H7--1TZSAuX0"
          role="switch"
        >
          <div
            class="s-H7--1TZSAuX0"
          >
            6
          </div>
        </button>
        <!--&lt;Ball&gt;-->
        <button
          aria-checked="false"
          class="s-H7--1TZSAuX0"
          role="switch"
        >
          <div
            class="s-H7--1TZSAuX0"
          >
            7
          </div>
        </button>
        <!--&lt;Ball&gt;-->
        <button
          aria-checked="false"
          class="s-H7--1TZSAuX0"
          role="switch"
        >
          <div
            class="s-H7--1TZSAuX0"
          >
            8
          </div>
        </button>
        <!--&lt;Ball&gt;-->
        <button
          aria-checked="false"
          class="s-H7--1TZSAuX0"
          role="switch"
        >
          <div
            class="s-H7--1TZSAuX0"
          >
            9
          </div>
        </button>
        <!--&lt;Ball&gt;-->
        <button
          aria-checked="false"
          class="s-H7--1TZSAuX0"
          role="switch"
        >
          <div
            class="s-H7--1TZSAuX0"
          >
            10
          </div>
        </button>
        <!--&lt;Ball&gt;-->
        <button
          aria-checked="false"
          class="s-H7--1TZSAuX0"
          role="switch"
        >
          <div
            class="s-H7--1TZSAuX0"
          >
            11
          </div>
        </button>
        <!--&lt;Ball&gt;-->
        <button
          aria-checked="false"
          class="s-H7--1TZSAuX0"
          role="switch"
        >
          <div
            class="s-H7--1TZSAuX0"
          >
            12
          </div>
        </button>
        <!--&lt;Ball&gt;-->
        <button
          aria-checked="false"
          class="s-H7--1TZSAuX0"
          role="switch"
        >
          <div
            class="s-H7--1TZSAuX0"
          >
            13
          </div>
        </button>
        <!--&lt;Ball&gt;-->
        <button
          aria-checked="false"
          class="s-H7--1TZSAuX0"
          role="switch"
        >
          <div
            class="s-H7--1TZSAuX0"
          >
            14
          </div>
        </button>
        <!--&lt;Ball&gt;-->
        <button
          aria-checked="false"
          class="s-H7--1TZSAuX0"
          role="switch"
        >
          <div
            class="s-H7--1TZSAuX0"
          >
            15
          </div>
        </button>
        <!--&lt;Ball&gt;-->
        
        <div
          class="s-RS4ZBOUWIyHj"
        >
          <span
            class="s-RS4ZBOUWIyHj"
          >
            I
          </span>
        </div>
        <!--&lt;Letter&gt;-->
         
        <button
          aria-checked="false"
          class="s-H7--1TZSAuX0"
          role="switch"
        >
          <div
            class="s-H7--1TZSAuX0"
          >
            16
          </div>
        </button>
        <!--&lt;Ball&gt;-->
        <button
          aria-checked="false"
          class="s-H7--1TZSAuX0"
          role="switch"
        >
          <div
            class="s-H7--1TZSAuX0"
          >
            17
          </div>
        </button>
        <!--&lt;Ball&gt;-->
        <button
          aria-checked="false"
          class="s-H7--1TZSAuX0"
          role="switch"
        >
          <div
            class="s-H7--1TZSAuX0"
          >
            18
          </div>
        </button>
        <!--&lt;Ball&gt;-->
        <button
          aria-checked="false"
          class="s-H7--1TZSAuX0"
          role="switch"
        >
          <div
            class="s-H7--1TZSAuX0"
          >
            19
          </div>
        </button>
        <!--&lt;Ball&gt;-->
        <button
          aria-checked="false"
          class="s-H7--1TZSAuX0"
          role="switch"
        >
          <div
            class="s-H7--1TZSAuX0"
          >
            20
          </div>
        </button>
        <!--&lt;Ball&gt;-->
        <button
          aria-checked="false"
          class="s-H7--1TZSAuX0"
          role="switch"
        >
          <div
            class="s-H7--1TZSAuX0"
          >
            21
          </div>
        </button>
        <!--&lt;Ball&gt;-->
        <button
          aria-checked="false"
          class="s-H7--1TZSAuX0"
          role="switch"
        >
          <div
            class="s-H7--1TZSAuX0"
          >
            22
          </div>
        </button>
        <!--&lt;Ball&gt;-->
        <button
          aria-checked="false"
          class="s-H7--1TZSAuX0"
          role="switch"
        >
          <div
            class="s-H7--1TZSAuX0"
          >
            23
          </div>
        </button>
        <!--&lt;Ball&gt;-->
        <button
          aria-checked="false"
          class="s-H7--1TZSAuX0"
          role="switch"
        >
          <div
            class="s-H7--1TZSAuX0"
          >
            24
          </div>
        </button>
        <!--&lt;Ball&gt;-->
        <button
          aria-checked="false"
          class="s-H7--1TZSAuX0"
          role="switch"
        >
          <div
            class="s-H7--1TZSAuX0"
          >
            25
          </div>
        </button>
        <!--&lt;Ball&gt;-->
        <button
          aria-checked="false"
          class="s-H7--1TZSAuX0"
          role="switch"
        >
          <div
            class="s-H7--1TZSAuX0"
          >
            26
          </div>
        </button>
        <!--&lt;Ball&gt;-->
        <button
          aria-checked="false"
          class="s-H7--1TZSAuX0"
          role="switch"
        >
          <div
            class="s-H7--1TZSAuX0"
          >
            27
          </div>
        </button>
        <!--&lt;Ball&gt;-->
        <button
          aria-checked="false"
          class="s-H7--1TZSAuX0"
          role="switch"
        >
          <div
            class="s-H7--1TZSAuX0"
          >
            28
          </div>
        </button>
        <!--&lt;Ball&gt;-->
        <button
          aria-checked="false"
          class="s-H7--1TZSAuX0"
          role="switch"
        >
          <div
            class="s-H7--1TZSAuX0"
          >
            29
          </div>
        </button>
        <!--&lt;Ball&gt;-->
        <button
          aria-checked="false"
          class="s-H7--1TZSAuX0"
          role="switch"
        >
          <div
            class="s-H7--1TZSAuX0"
          >
            30
          </div>
        </button>
        <!--&lt;Ball&gt;-->
        
        <div
          class="s-RS4ZBOUWIyHj"
        >
          <span
            class="s-RS4ZBOUWIyHj"
          >
            N
          </span>
        </div>
        <!--&lt;Letter&gt;-->
         
        <button
          aria-checked="false"
          class="s-H7--1TZSAuX0"
          role="switch"
        >
          <div
            class="s-H7--1TZSAuX0"
          >
            31
          </div>
        </button>
        <!--&lt;Ball&gt;-->
        <button
          aria-checked="false"
          class="s-H7--1TZSAuX0"
          role="switch"
        >
          <div
            class="s-H7--1TZSAuX0"
          >
            32
          </div>
        </button>
        <!--&lt;Ball&gt;-->
        <button
          aria-checked="false"
          class="s-H7--1TZSAuX0"
          role="switch"
        >
          <div
            class="s-H7--1TZSAuX0"
          >
            33
          </div>
        </button>
        <!--&lt;Ball&gt;-->
        <button
          aria-checked="false"
          class="s-H7--1TZSAuX0"
          role="switch"
        >
          <div
            class="s-H7--1TZSAuX0"
          >
            34
          </div>
        </button>
        <!--&lt;Ball&gt;-->
        <button
          aria-checked="false"
          class="s-H7--1TZSAuX0"
          role="switch"
        >
          <div
            class="s-H7--1TZSAuX0"
          >
            35
          </div>
        </button>
        <!--&lt;Ball&gt;-->
        <button
          aria-checked="false"
          class="s-H7--1TZSAuX0"
          role="switch"
        >
          <div
            class="s-H7--1TZSAuX0"
          >
            36
          </div>
        </button>
        <!--&lt;Ball&gt;-->
        <button
          aria-checked="false"
          class="s-H7--1TZSAuX0"
          role="switch"
        >
          <div
            class="s-H7--1TZSAuX0"
          >
            37
          </div>
        </button>
        <!--&lt;Ball&gt;-->
        <button
          aria-checked="false"
          class="s-H7--1TZSAuX0"
          role="switch"
        >
          <div
            class="s-H7--1TZSAuX0"
          >
            38
          </div>
        </button>
        <!--&lt;Ball&gt;-->
        <button
          aria-checked="false"
          class="s-H7--1TZSAuX0"
          role="switch"
        >
          <div
            class="s-H7--1TZSAuX0"
          >
            39
          </div>
        </button>
        <!--&lt;Ball&gt;-->
        <button
          aria-checked="false"
          class="s-H7--1TZSAuX0"
          role="switch"
        >
          <div
            class="s-H7--1TZSAuX0"
          >
            40
          </div>
        </button>
        <!--&lt;Ball&gt;-->
        <button
          aria-checked="false"
          class="s-H7--1TZSAuX0"
          role="switch"
        >
          <div
            class="s-H7--1TZSAuX0"
          >
            41
          </div>
        </button>
        <!--&lt;Ball&gt;-->
        <button
          aria-checked="false"
          class="s-H7--1TZSAuX0"
          role="switch"
        >
          <div
            class="s-H7--1TZSAuX0"
          >
            42
          </div>
        </button>
        <!--&lt;Ball&gt;-->
        <button
          aria-checked="false"
          class="s-H7--1TZSAuX0"
          role="switch"
        >
          <div
            class="s-H7--1TZSAuX0"
          >
            43
          </div>
        </button>
        <!--&lt;Ball&gt;-->
        <button
          aria-checked="false"
          class="s-H7--1TZSAuX0"
          role="switch"
        >
          <div
            class="s-H7--1TZSAuX0"
          >
            44
          </div>
        </button>
        <!--&lt;Ball&gt;-->
        <button
          aria-checked="false"
          class="s-H7--1TZSAuX0"
          role="switch"
        >
          <div
            class="s-H7--1TZSAuX0"
          >
            45
          </div>
        </button>
        <!--&lt;Ball&gt;-->
        
        <div
          class="s-RS4ZBOUWIyHj"
        >
          <span
            class="s-RS4ZBOUWIyHj"
          >
            G
          </span>
        </div>
        <!--&lt;Letter&gt;-->
         
        <button
          aria-checked="false"
          class="s-H7--1TZSAuX0"
          role="switch"
        >
          <div
            class="s-H7--1TZSAuX0"
          >
            46
          </div>
        </button>
        <!--&lt;Ball&gt;-->
        <button
          aria-checked="false"
          class="s-H7--1TZSAuX0"
          role="switch"
        >
          <div
            class="s-H7--1TZSAuX0"
          >
            47
          </div>
        </button>
        <!--&lt;Ball&gt;-->
        <button
          aria-checked="false"
          class="s-H7--1TZSAuX0"
          role="switch"
        >
          <div
            class="s-H7--1TZSAuX0"
          >
            48
          </div>
        </button>
        <!--&lt;Ball&gt;-->
        <button
          aria-checked="false"
          class="s-H7--1TZSAuX0"
          role="switch"
        >
          <div
            class="s-H7--1TZSAuX0"
          >
            49
          </div>
        </button>
        <!--&lt;Ball&gt;-->
        <button
          aria-checked="false"
          class="s-H7--1TZSAuX0"
          role="switch"
        >
          <div
            class="s-H7--1TZSAuX0"
          >
            50
          </div>
        </button>
        <!--&lt;Ball&gt;-->
        <button
          aria-checked="false"
          class="s-H7--1TZSAuX0"
          role="switch"
        >
          <div
            class="s-H7--1TZSAuX0"
          >
            51
          </div>
        </button>
        <!--&lt;Ball&gt;-->
        <button
          aria-checked="false"
          class="s-H7--1TZSAuX0"
          role="switch"
        >
          <div
            class="s-H7--1TZSAuX0"
          >
            52
          </div>
        </button>
        <!--&lt;Ball&gt;-->
        <button
          aria-checked="false"
          class="s-H7--1TZSAuX0"
          role="switch"
        >
          <div
            class="s-H7--1TZSAuX0"
          >
            53
          </div>
        </button>
        <!--&lt;Ball&gt;-->
        <button
          aria-checked="false"
          class="s-H7--1TZSAuX0"
          role="switch"
        >
          <div
            class="s-H7--1TZSAuX0"
          >
            54
          </div>
        </button>
        <!--&lt;Ball&gt;-->
        <button
          aria-checked="false"
          class="s-H7--1TZSAuX0"
          role="switch"
        >
          <div
            class="s-H7--1TZSAuX0"
          >
            55
          </div>
        </button>
        <!--&lt;Ball&gt;-->
        <button
          aria-checked="false"
          class="s-H7--1TZSAuX0"
          role="switch"
        >
          <div
            class="s-H7--1TZSAuX0"
          >
            56
          </div>
        </button>
        <!--&lt;Ball&gt;-->
        <button
          aria-checked="false"
          class="s-H7--1TZSAuX0"
          role="switch"
        >
          <div
            class="s-H7--1TZSAuX0"
          >
            57
          </div>
        </button>
        <!--&lt;Ball&gt;-->
        <button
          aria-checked="false"
          class="s-H7--1TZSAuX0"
          role="switch"
        >
          <div
            class="s-H7--1TZSAuX0"
          >
            58
          </div>
        </button>
        <!--&lt;Ball&gt;-->
        <button
          aria-checked="false"
          class="s-H7--1TZSAuX0"
          role="switch"
        >
          <div
            class="s-H7--1TZSAuX0"
          >
            59
          </div>
        </button>
        <!--&lt;Ball&gt;-->
        <button
          aria-checked="false"
          class="s-H7--1TZSAuX0"
          role="switch"
        >
          <div
            class="s-H7--1TZSAuX0"
          >
            60
          </div>
        </button>
        <!--&lt;Ball&gt;-->
        
        <div
          class="s-RS4ZBOUWIyHj"
        >
          <span
            class="s-RS4ZBOUWIyHj"
          >
            O
          </span>
        </div>
        <!--&lt;Letter&gt;-->
         
        <button
          aria-checked="false"
          class="s-H7--1TZSAuX0"
          role="switch"
        >
          <div
            class="s-H7--1TZSAuX0"
          >
            61
          </div>
        </button>
        <!--&lt;Ball&gt;-->
        <button
          aria-checked="false"
          class="s-H7--1TZSAuX0"
          role="switch"
        >
          <div
            class="s-H7--1TZSAuX0"
          >
            62
          </div>
        </button>
        <!--&lt;Ball&gt;-->
        <button
          aria-checked="false"
          class="s-H7--1TZSAuX0"
          role="switch"
        >
          <div
            class="s-H7--1TZSAuX0"
          >
            63
          </div>
        </button>
        <!--&lt;Ball&gt;-->
        <button
          aria-checked="false"
          class="s-H7--1TZSAuX0"
          role="switch"
        >
          <div
            class="s-H7--1TZSAuX0"
          >
            64
          </div>
        </button>
        <!--&lt;Ball&gt;-->
        <button
          aria-checked="false"
          class="s-H7--1TZSAuX0"
          role="switch"
        >
          <div
            class="s-H7--1TZSAuX0"
          >
            65
          </div>
        </button>
        <!--&lt;Ball&gt;-->
        <button
          aria-checked="false"
          class="s-H7--1TZSAuX0"
          role="switch"
        >
          <div
            class="s-H7--1TZSAuX0"
          >
            66
          </div>
        </button>
        <!--&lt;Ball&gt;-->
        <button
          aria-checked="false"
          class="s-H7--1TZSAuX0"
          role="switch"
        >
          <div
            class="s-H7--1TZSAuX0"
          >
            67
          </div>
        </button>
        <!--&lt;Ball&gt;-->
        <button
          aria-checked="false"
          class="s-H7--1TZSAuX0"
          role="switch"
        >
          <div
            class="s-H7--1TZSAuX0"
          >
            68
          </div>
        </button>
        <!--&lt;Ball&gt;-->
        <button
          aria-checked="false"
          class="s-H7--1TZSAuX0"
          role="switch"
        >
          <div
            class="s-H7--1TZSAuX0"
          >
            69
          </div>
        </button>
        <!--&lt;Ball&gt;-->
        <button
          aria-checked="false"
          class="s-H7--1TZSAuX0"
          role="switch"
        >
          <div
            class="s-H7--1TZSAuX0"
          >
            70
          </div>
        </button>
        <!--&lt;Ball&gt;-->
        <button
          aria-checked="false"
          class="s-H7--1TZSAuX0"
          role="switch"
        >
          <div
            class="s-H7--1TZSAuX0"
          >
            71
          </div>
        </button>
        <!--&lt;Ball&gt;-->
        <button
          aria-checked="false"
          class="s-H7--1TZSAuX0"
          role="switch"
        >
          <div
            class="s-H7--1TZSAuX0"
          >
            72
          </div>
        </button>
        <!--&lt;Ball&gt;-->
        <button
          aria-checked="false"
          class="s-H7--1TZSAuX0"
          role="switch"
        >
          <div
            class="s-H7--1TZSAuX0"
          >
            73
          </div>
        </button>
        <!--&lt;Ball&gt;-->
        <button
          aria-checked="false"
          class="s-H7--1TZSAuX0"
          role="switch"
        >
          <div
            class="s-H7--1TZSAuX0"
          >
            74
          </div>
        </button>
        <!--&lt;Ball&gt;-->
        <button
          aria-checked="false"
          class="s-H7--1TZSAuX0"
          role="switch"
        >
          <div
            class="s-H7--1TZSAuX0"
          >
            75
          </div>
        </button>
        <!--&lt;Ball&gt;-->
        
      </div>
       
      <div
        class="games s-fH7DhCg_eQLT"
        data-testid="games"
      >
        <div
          class="s-fH7DhCg_eQLT"
        >
          <button
            aria-label="Select Game"
            class="s-Foe4RCTFnPEn"
            type="button"
          >
            <div
              class="s-Foe4RCTFnPEn filled"
            />
            <div
              class="s-Foe4RCTFnPEn filled"
            />
            <div
              class="s-Foe4RCTFnPEn filled"
            />
            <div
              class="s-Foe4RCTFnPEn filled"
            />
            <div
              class="s-Foe4RCTFnPEn filled"
            />
            
            <div
              class="s-Foe4RCTFnPEn"
            />
            <div
              class="s-Foe4RCTFnPEn"
            />
            <div
              class="s-Foe4RCTFnPEn"
            />
            <div
              class="s-Foe4RCTFnPEn"
            />
            <div
              class="s-Foe4RCTFnPEn"
            />
            
            <div
              class="s-Foe4RCTFnPEn"
            />
            <div
              class="s-Foe4RCTFnPEn"
            />
            <div
              class="s-Foe4RCTFnPEn"
            />
            <div
              class="s-Foe4RCTFnPEn"
            />
            <div
              class="s-Foe4RCTFnPEn"
            />
            
            <div
              class="s-Foe4RCTFnPEn"
            />
            <div
              class="s-Foe4RCTFnPEn"
            />
            <div
              class="s-Foe4RCTFnPEn"
            />
            <div
              class="s-Foe4RCTFnPEn"
            />
            <div
              class="s-Foe4RCTFnPEn"
            />
            
            <div
              class="s-Foe4RCTFnPEn"
            />
            <div
              class="s-Foe4RCTFnPEn"
            />
            <div
              class="s-Foe4RCTFnPEn"
            />
            <div
              class="s-Foe4RCTFnPEn"
            />
            <div
              class="s-Foe4RCTFnPEn"
            />
            
          </button>
          <!--&lt;GameMap&gt;-->
        </div>
         
        <div
          class="s-fH7DhCg_eQLT active"
        >
          <button
            aria-label="Select Game"
            class="s-Foe4RCTFnPEn"
            type="button"
          >
            <div
              class="s-Foe4RCTFnPEn filled"
            />
            <div
              class="s-Foe4RCTFnPEn filled"
            />
            <div
              class="s-Foe4RCTFnPEn filled"
            />
            <div
              class="s-Foe4RCTFnPEn filled"
            />
            <div
              class="s-Foe4RCTFnPEn filled"
            />
            
            <div
              class="s-Foe4RCTFnPEn filled"
            />
            <div
              class="s-Foe4RCTFnPEn"
            />
            <div
              class="s-Foe4RCTFnPEn"
            />
            <div
              class="s-Foe4RCTFnPEn"
            />
            <div
              class="s-Foe4RCTFnPEn filled"
            />
            
            <div
              class="s-Foe4RCTFnPEn filled"
            />
            <div
              class="s-Foe4RCTFnPEn"
            />
            <div
              class="s-Foe4RCTFnPEn"
            />
            <div
              class="s-Foe4RCTFnPEn"
            />
            <div
              class="s-Foe4RCTFnPEn filled"
            />
            
            <div
              class="s-Foe4RCTFnPEn filled"
            />
            <div
              class="s-Foe4RCTFnPEn"
            />
            <div
              class="s-Foe4RCTFnPEn"
            />
            <div
              class="s-Foe4RCTFnPEn"
            />
            <div
              class="s-Foe4RCTFnPEn filled"
            />
            
            <div
              class="s-Foe4RCTFnPEn filled"
            />
            <div
              class="s-Foe4RCTFnPEn filled"
            />
            <div
              class="s-Foe4RCTFnPEn filled"
            />
            <div
              class="s-Foe4RCTFnPEn filled"
            />
            <div
              class="s-Foe4RCTFnPEn filled"
            />
            
          </button>
          <!--&lt;GameMap&gt;-->
           
        </div>
        <div
          class="s-fH7DhCg_eQLT"
        >
          <button
            aria-label="Select Game"
            class="s-Foe4RCTFnPEn"
            type="button"
          >
            <div
              class="s-Foe4RCTFnPEn"
            />
            <div
              class="s-Foe4RCTFnPEn"
            />
            <div
              class="s-Foe4RCTFnPEn"
            />
            <div
              class="s-Foe4RCTFnPEn"
            />
            <div
              class="s-Foe4RCTFnPEn"
            />
            
            <div
              class="s-Foe4RCTFnPEn"
            />
            <div
              class="s-Foe4RCTFnPEn filled"
            />
            <div
              class="s-Foe4RCTFnPEn filled"
            />
            <div
              class="s-Foe4RCTFnPEn filled"
            />
            <div
              class="s-Foe4RCTFnPEn"
            />
            
            <div
              class="s-Foe4RCTFnPEn"
            />
            <div
              class="s-Foe4RCTFnPEn filled"
            />
            <div
              class="s-Foe4RCTFnPEn"
            />
            <div
              class="s-Foe4RCTFnPEn filled"
            />
            <div
              class="s-Foe4RCTFnPEn"
            />
            
            <div
              class="s-Foe4RCTFnPEn"
            />
            <div
              class="s-Foe4RCTFnPEn filled"
            />
            <div
              class="s-Foe4RCTFnPEn filled"
            />
            <div
              class="s-Foe4RCTFnPEn filled"
            />
            <div
              class="s-Foe4RCTFnPEn"
            />
            
            <div
              class="s-Foe4RCTFnPEn"
            />
            <div
              class="s-Foe4RCTFnPEn"
            />
            <div
              class="s-Foe4RCTFnPEn"
            />
            <div
              class="s-Foe4RCTFnPEn"
            />
            <div
              class="s-Foe4RCTFnPEn"
            />
            
          </button>
          <!--&lt;GameMap&gt;-->
           
        </div>
        <div
          class="s-fH7DhCg_eQLT"
        >
          <button
            aria-label="Select Game"
            class="s-Foe4RCTFnPEn"
            type="button"
          >
            <div
              class="s-Foe4RCTFnPEn filled"
            />
            <div
              class="s-Foe4RCTFnPEn filled"
            />
            <div
              class="s-Foe4RCTFnPEn"
            />
            <div
              class="s-Foe4RCTFnPEn filled"
            />
            <div
              class="s-Foe4RCTFnPEn filled"
            />
            
            <div
              class="s-Foe4RCTFnPEn filled"
            />
            <div
              class="s-Foe4RCTFnPEn filled"
            />
            <div
              class="s-Foe4RCTFnPEn"
            />
            <div
              class="s-Foe4RCTFnPEn filled"
            />
            <div
              class="s-Foe4RCTFnPEn filled"
            />
            
            <div
              class="s-Foe4RCTFnPEn"
            />
            <div
              class="s-Foe4RCTFnPEn"
            />
            <div
              class="s-Foe4RCTFnPEn"
            />
            <div
              class="s-Foe4RCTFnPEn"
            />
            <div
              class="s-Foe4RCTFnPEn"
            />
            
            <div
              class="s-Foe4RCTFnPEn filled"
            />
            <div
              class="s-Foe4RCTFnPEn filled"
            />
            <div
              class="s-Foe4RCTFnPEn"
            />
            <div
              class="s-Foe4RCTFnPEn filled"
            />
            <div
              class="s-Foe4RCTFnPEn filled"
            />
            
            <div
              class="s-Foe4RCTFnPEn filled"
            />
            <div
              class="s-Foe4RCTFnPEn filled"
            />
            <div
              class="s-Foe4RCTFnPEn"
            />
            <div
              class="s-Foe4RCTFnPEn filled"
            />
            <div
              class="s-Foe4RCTFnPEn filled"
            />
            
          </button>
          <!--&lt;GameMap&gt;-->
           
        </div>
        <div
          class="s-fH7DhCg_eQLT"
        >
          <button
            aria-label="Select Game"
            class="s-Foe4RCTFnPEn"
            type="button"
          >
            <div
              class="s-Foe4RCTFnPEn filled"
            />
            <div
              class="s-Foe4RCTFnPEn"
            />
            <div
              class="s-Foe4RCTFnPEn"
            />
            <div
              class="s-Foe4RCTFnPEn"
            />
            <div
              class="s-Foe4RCTFnPEn filled"
            />
            
            <div
              class="s-Foe4RCTFnPEn"
            />
            <div
              class="s-Foe4RCTFnPEn filled"
            />
            <div
              class="s-Foe4RCTFnPEn"
            />
            <div
              class="s-Foe4RCTFnPEn filled"
            />
            <div
              class="s-Foe4RCTFnPEn"
            />
            
            <div
              class="s-Foe4RCTFnPEn"
            />
            <div
              class="s-Foe4RCTFnPEn"
            />
            <div
              class="s-Foe4RCTFnPEn filled"
            />
            <div
              class="s-Foe4RCTFnPEn"
            />
            <div
              class="s-Foe4RCTFnPEn"
            />
            
            <div
              class="s-Foe4RCTFnPEn"
            />
            <div
              class="s-Foe4RCTFnPEn filled"
            />
            <div
              class="s-Foe4RCTFnPEn"
            />
            <div
              class="s-Foe4RCTFnPEn filled"
            />
            <div
              class="s-Foe4RCTFnPEn"
            />
            
            <div
              class="s-Foe4RCTFnPEn filled"
            />
            <div
              class="s-Foe4RCTFnPEn"
            />
            <div
              class="s-Foe4RCTFnPEn"
            />
            <div
              class="s-Foe4RCTFnPEn"
            />
            <div
              class="s-Foe4RCTFnPEn filled"
            />
            
          </button>
          <!--&lt;GameMap&gt;-->
           
        </div>
        <div
          class="s-fH7DhCg_eQLT"
        >
          <button
            aria-label="Select Game"
            class="s-Foe4RCTFnPEn"
            type="button"
          >
            <div
              class="s-Foe4RCTFnPEn filled"
            />
            <div
              class="s-Foe4RCTFnPEn filled"
            />
            <div
              class="s-Foe4RCTFnPEn filled"
            />
            <div
              class="s-Foe4RCTFnPEn filled"
            />
            <div
              class="s-Foe4RCTFnPEn filled"
            />
            
            <div
              class="s-Foe4RCTFnPEn"
            />
            <div
              class="s-Foe4RCTFnPEn"
            />
            <div
              class="s-Foe4RCTFnPEn filled"
            />
            <div
              class="s-Foe4RCTFnPEn"
            />
            <div
              class="s-Foe4RCTFnPEn"
            />
            
            <div
              class="s-Foe4RCTFnPEn"
            />
            <div
              class="s-Foe4RCTFnPEn"
            />
            <div
              class="s-Foe4RCTFnPEn filled"
            />
            <div
              class="s-Foe4RCTFnPEn"
            />
            <div
              class="s-Foe4RCTFnPEn"
            />
            
            <div
              class="s-Foe4RCTFnPEn"
            />
            <div
              class="s-Foe4RCTFnPEn"
            />
            <div
              class="s-Foe4RCTFnPEn filled"
            />
            <div
              class="s-Foe4RCTFnPEn"
            />
            <div
              class="s-Foe4RCTFnPEn"
            />
            
            <div
              class="s-Foe4RCTFnPEn"
            />
            <div
              class="s-Foe4RCTFnPEn"
            />
            <div
              class="s-Foe4RCTFnPEn filled"
            />
            <div
              class="s-Foe4RCTFnPEn"
            />
            <div
              class="s-Foe4RCTFnPEn"
            />
            
          </button>
          <!--&lt;GameMap&gt;-->
           
        </div>
        <div
          class="s-fH7DhCg_eQLT"
        >
          <button
            aria-label="Select Game"
            class="s-Foe4RCTFnPEn"
            type="button"
          >
            <div
              class="s-Foe4RCTFnPEn"
            />
            <div
              class="s-Foe4RCTFnPEn"
            />
            <div
              class="s-Foe4RCTFnPEn filled"
            />
            <div
              class="s-Foe4RCTFnPEn"
            />
            <div
              class="s-Foe4RCTFnPEn"
            />
            
            <div
              class="s-Foe4RCTFnPEn"
            />
            <div
              class="s-Foe4RCTFnPEn"
            />
            <div
              class="s-Foe4RCTFnPEn filled"
            />
            <div
              class="s-Foe4RCTFnPEn"
            />
            <div
              class="s-Foe4RCTFnPEn"
            />
            
            <div
              class="s-Foe4RCTFnPEn filled"
            />
            <div
              class="s-Foe4RCTFnPEn filled"
            />
            <div
              class="s-Foe4RCTFnPEn filled"
            />
            <div
              class="s-Foe4RCTFnPEn filled"
            />
            <div
              class="s-Foe4RCTFnPEn filled"
            />
            
            <div
              class="s-Foe4RCTFnPEn"
            />
            <div
              class="s-Foe4RCTFnPEn"
            />
            <div
              class="s-Foe4RCTFnPEn filled"
            />
            <div
              class="s-Foe4RCTFnPEn"
            />
            <div
              class="s-Foe4RCTFnPEn"
            />
            
            <div
              class="s-Foe4RCTFnPEn"
            />
            <div
              class="s-Foe4RCTFnPEn"
            />
            <div
              class="s-Foe4RCTFnPEn filled"
            />
            <div
              class="s-Foe4RCTFnPEn"
            />
            <div
              class="s-Foe4RCTFnPEn"
            />
            
          </button>
          <!--&lt;GameMap&gt;-->
           
        </div>
        <div
          class="s-fH7DhCg_eQLT"
        >
          <button
            aria-label="Select Game"
            class="s-Foe4RCTFnPEn"
            type="button"
          >
            <div
              class="s-Foe4RCTFnPEn filled"
            />
            <div
              class="s-Foe4RCTFnPEn"
            />
            <div
              class="s-Foe4RCTFnPEn"
            />
            <div
              class="s-Foe4RCTFnPEn"
            />
            <div
              class="s-Foe4RCTFnPEn"
            />
            
            <div
              class="s-Foe4RCTFnPEn filled"
            />
            <div
              class="s-Foe4RCTFnPEn"
            />
            <div
              class="s-Foe4RCTFnPEn"
            />
            <div
              class="s-Foe4RCTFnPEn"
            />
            <div
              class="s-Foe4RCTFnPEn"
            />
            
            <div
              class="s-Foe4RCTFnPEn filled"
            />
            <div
              class="s-Foe4RCTFnPEn"
            />
            <div
              class="s-Foe4RCTFnPEn"
            />
            <div
              class="s-Foe4RCTFnPEn"
            />
            <div
              class="s-Foe4RCTFnPEn"
            />
            
            <div
              class="s-Foe4RCTFnPEn filled"
            />
            <div
              class="s-Foe4RCTFnPEn"
            />
            <div
              class="s-Foe4RCTFnPEn"
            />
            <div
              class="s-Foe4RCTFnPEn"
            />
            <div
              class="s-Foe4RCTFnPEn"
            />
            
            <div
              class="s-Foe4RCTFnPEn filled"
            />
            <div
              class="s-Foe4RCTFnPEn filled"
            />
            <div
              class="s-Foe4RCTFnPEn filled"
            />
            <div
              class="s-Foe4RCTFnPEn filled"
            />
            <div
              class="s-Foe4RCTFnPEn filled"
            />
            
          </button>
          <!--&lt;GameMap&gt;-->
           
        </div>
        <div
          class="s-fH7DhCg_eQLT"
        >
          <button
            aria-label="Select Game"
            class="s-Foe4RCTFnPEn"
            type="button"
          >
            <div
              class="s-Foe4RCTFnPEn filled"
            />
            <div
              class="s-Foe4RCTFnPEn filled"
            />
            <div
              class="s-Foe4RCTFnPEn filled"
            />
            <div
              class="s-Foe4RCTFnPEn filled"
            />
            <div
              class="s-Foe4RCTFnPEn filled"
            />
            
            <div
              class="s-Foe4RCTFnPEn filled"
            />
            <div
              class="s-Foe4RCTFnPEn filled"
            />
            <div
              class="s-Foe4RCTFnPEn filled"
            />
            <div
              class="s-Foe4RCTFnPEn filled"
            />
            <div
              class="s-Foe4RCTFnPEn filled"
            />
            
            <div
              class="s-Foe4RCTFnPEn filled"
            />
            <div
              class="s-Foe4RCTFnPEn filled"
            />
            <div
              class="s-Foe4RCTFnPEn filled"
            />
            <div
              class="s-Foe4RCTFnPEn filled"
            />
            <div
              class="s-Foe4RCTFnPEn filled"
            />
            
            <div
              class="s-Foe4RCTFnPEn filled"
            />
            <div
              class="s-Foe4RCTFnPEn filled"
            />
            <div
              class="s-Foe4RCTFnPEn filled"
            />
            <div
              class="s-Foe4RCTFnPEn filled"
            />
            <div
              class="s-Foe4RCTFnPEn filled"
            />
            
            <div
              class="s-Foe4RCTFnPEn filled"
            />
            <div
              class="s-Foe4RCTFnPEn filled"
            />
            <div
              class="s-Foe4RCTFnPEn filled"
            />
            <div
              class="s-Foe4RCTFnPEn filled"
            />
            <div
              class="s-Foe4RCTFnPEn filled"
            />
            
          </button>
          <!--&lt;GameMap&gt;-->
           
        </div>
      </div>
      <!--&lt;GameMaps&gt;-->
       
      <div
        class="s-2RVjeSlHuQ1D"
      >
        <button
          class="s-phxJ07zyCj0K"
          type="button"
        >
          Reset Game
        </button>
        <!--&lt;Button&gt;-->
         
        <input
          class="s-2RVjeSlHuQ1D"
          max="99999"
          min="10000"
          placeholder="card #"
          type="number"
        />
         
        <button
          class="s-phxJ07zyCj0K"
          disabled=""
          type="button"
        >
          Check Card
        </button>
        <!--&lt;Button&gt;-->
      </div>
       
    </div>
    <!--&lt;Board&gt;-->
  </div>
</body>
`;
