// Vitest Snapshot v1, https://vitest.dev/guide/snapshot.html

exports[`Board > card # input > when seed is valid > should create matching card 1`] = `
<div
  class="card svelte-ayymqd"
  data-testid="card"
>
  <div
    class="svelte-14jn1vn"
  >
    <span
      class="svelte-14jn1vn"
    >
      B
    </span>
  </div>
  <div
    class="svelte-14jn1vn"
  >
    <span
      class="svelte-14jn1vn"
    >
      I
    </span>
  </div>
  <div
    class="svelte-14jn1vn"
  >
    <span
      class="svelte-14jn1vn"
    >
      N
    </span>
  </div>
  <div
    class="svelte-14jn1vn"
  >
    <span
      class="svelte-14jn1vn"
    >
      G
    </span>
  </div>
  <div
    class="svelte-14jn1vn"
  >
    <span
      class="svelte-14jn1vn"
    >
      O
    </span>
  </div>
   
  <button
    aria-checked="false"
    class="svelte-kyk9bz"
    role="switch"
  >
    <div
      class="svelte-kyk9bz"
    >
      12
    </div>
  </button>
  <button
    aria-checked="false"
    class="svelte-kyk9bz"
    role="switch"
  >
    <div
      class="svelte-kyk9bz"
    >
      18
    </div>
  </button>
  <button
    aria-checked="false"
    class="svelte-kyk9bz"
    role="switch"
  >
    <div
      class="svelte-kyk9bz"
    >
      34
    </div>
  </button>
  <button
    aria-checked="false"
    class="svelte-kyk9bz"
    role="switch"
  >
    <div
      class="svelte-kyk9bz"
    >
      47
    </div>
  </button>
  <button
    aria-checked="false"
    class="svelte-kyk9bz"
    role="switch"
  >
    <div
      class="svelte-kyk9bz"
    >
      66
    </div>
  </button>
  
  <button
    aria-checked="false"
    class="svelte-kyk9bz"
    role="switch"
  >
    <div
      class="svelte-kyk9bz"
    >
      13
    </div>
  </button>
  <button
    aria-checked="false"
    class="svelte-kyk9bz"
    role="switch"
  >
    <div
      class="svelte-kyk9bz"
    >
      16
    </div>
  </button>
  <button
    aria-checked="false"
    class="svelte-kyk9bz"
    role="switch"
  >
    <div
      class="svelte-kyk9bz"
    >
      32
    </div>
  </button>
  <button
    aria-checked="false"
    class="svelte-kyk9bz"
    role="switch"
  >
    <div
      class="svelte-kyk9bz"
    >
      53
    </div>
  </button>
  <button
    aria-checked="false"
    class="svelte-kyk9bz"
    role="switch"
  >
    <div
      class="svelte-kyk9bz"
    >
      62
    </div>
  </button>
  
  <button
    aria-checked="false"
    class="svelte-kyk9bz"
    role="switch"
  >
    <div
      class="svelte-kyk9bz"
    >
      4
    </div>
  </button>
  <button
    aria-checked="false"
    class="svelte-kyk9bz"
    role="switch"
  >
    <div
      class="svelte-kyk9bz"
    >
      29
    </div>
  </button>
  <button
    aria-checked="true"
    class="svelte-kyk9bz"
    role="switch"
  >
    <div
      class="svelte-kyk9bz"
    >
      free
    </div>
  </button>
  <button
    aria-checked="false"
    class="svelte-kyk9bz"
    role="switch"
  >
    <div
      class="svelte-kyk9bz"
    >
      50
    </div>
  </button>
  <button
    aria-checked="false"
    class="svelte-kyk9bz"
    role="switch"
  >
    <div
      class="svelte-kyk9bz"
    >
      70
    </div>
  </button>
  
  <button
    aria-checked="false"
    class="svelte-kyk9bz"
    role="switch"
  >
    <div
      class="svelte-kyk9bz"
    >
      7
    </div>
  </button>
  <button
    aria-checked="false"
    class="svelte-kyk9bz"
    role="switch"
  >
    <div
      class="svelte-kyk9bz"
    >
      23
    </div>
  </button>
  <button
    aria-checked="false"
    class="svelte-kyk9bz"
    role="switch"
  >
    <div
      class="svelte-kyk9bz"
    >
      37
    </div>
  </button>
  <button
    aria-checked="false"
    class="svelte-kyk9bz"
    role="switch"
  >
    <div
      class="svelte-kyk9bz"
    >
      56
    </div>
  </button>
  <button
    aria-checked="false"
    class="svelte-kyk9bz"
    role="switch"
  >
    <div
      class="svelte-kyk9bz"
    >
      72
    </div>
  </button>
  
  <button
    aria-checked="false"
    class="svelte-kyk9bz"
    role="switch"
  >
    <div
      class="svelte-kyk9bz"
    >
      2
    </div>
  </button>
  <button
    aria-checked="false"
    class="svelte-kyk9bz"
    role="switch"
  >
    <div
      class="svelte-kyk9bz"
    >
      30
    </div>
  </button>
  <button
    aria-checked="false"
    class="svelte-kyk9bz"
    role="switch"
  >
    <div
      class="svelte-kyk9bz"
    >
      31
    </div>
  </button>
  <button
    aria-checked="false"
    class="svelte-kyk9bz"
    role="switch"
  >
    <div
      class="svelte-kyk9bz"
    >
      49
    </div>
  </button>
  <button
    aria-checked="false"
    class="svelte-kyk9bz"
    role="switch"
  >
    <div
      class="svelte-kyk9bz"
    >
      63
    </div>
  </button>
  
   
  <div
    class="foot svelte-ayymqd"
  >
    12345
  </div>
</div>
`;

exports[`Board > should render 1`] = `
<div>
  <div>
    <div
      class="board svelte-1j38s5i"
      data-testid="board"
    >
      <div
        class="svelte-14jn1vn"
      >
        <span
          class="svelte-14jn1vn"
        >
          B
        </span>
      </div>
       
      <button
        aria-checked="false"
        class="svelte-kyk9bz"
        role="switch"
      >
        <div
          class="svelte-kyk9bz"
        >
          1
        </div>
      </button>
      <button
        aria-checked="false"
        class="svelte-kyk9bz"
        role="switch"
      >
        <div
          class="svelte-kyk9bz"
        >
          2
        </div>
      </button>
      <button
        aria-checked="false"
        class="svelte-kyk9bz"
        role="switch"
      >
        <div
          class="svelte-kyk9bz"
        >
          3
        </div>
      </button>
      <button
        aria-checked="false"
        class="svelte-kyk9bz"
        role="switch"
      >
        <div
          class="svelte-kyk9bz"
        >
          4
        </div>
      </button>
      <button
        aria-checked="false"
        class="svelte-kyk9bz"
        role="switch"
      >
        <div
          class="svelte-kyk9bz"
        >
          5
        </div>
      </button>
      <button
        aria-checked="false"
        class="svelte-kyk9bz"
        role="switch"
      >
        <div
          class="svelte-kyk9bz"
        >
          6
        </div>
      </button>
      <button
        aria-checked="false"
        class="svelte-kyk9bz"
        role="switch"
      >
        <div
          class="svelte-kyk9bz"
        >
          7
        </div>
      </button>
      <button
        aria-checked="false"
        class="svelte-kyk9bz"
        role="switch"
      >
        <div
          class="svelte-kyk9bz"
        >
          8
        </div>
      </button>
      <button
        aria-checked="false"
        class="svelte-kyk9bz"
        role="switch"
      >
        <div
          class="svelte-kyk9bz"
        >
          9
        </div>
      </button>
      <button
        aria-checked="false"
        class="svelte-kyk9bz"
        role="switch"
      >
        <div
          class="svelte-kyk9bz"
        >
          10
        </div>
      </button>
      <button
        aria-checked="false"
        class="svelte-kyk9bz"
        role="switch"
      >
        <div
          class="svelte-kyk9bz"
        >
          11
        </div>
      </button>
      <button
        aria-checked="false"
        class="svelte-kyk9bz"
        role="switch"
      >
        <div
          class="svelte-kyk9bz"
        >
          12
        </div>
      </button>
      <button
        aria-checked="false"
        class="svelte-kyk9bz"
        role="switch"
      >
        <div
          class="svelte-kyk9bz"
        >
          13
        </div>
      </button>
      <button
        aria-checked="false"
        class="svelte-kyk9bz"
        role="switch"
      >
        <div
          class="svelte-kyk9bz"
        >
          14
        </div>
      </button>
      <button
        aria-checked="false"
        class="svelte-kyk9bz"
        role="switch"
      >
        <div
          class="svelte-kyk9bz"
        >
          15
        </div>
      </button>
      
      <div
        class="svelte-14jn1vn"
      >
        <span
          class="svelte-14jn1vn"
        >
          I
        </span>
      </div>
       
      <button
        aria-checked="false"
        class="svelte-kyk9bz"
        role="switch"
      >
        <div
          class="svelte-kyk9bz"
        >
          16
        </div>
      </button>
      <button
        aria-checked="false"
        class="svelte-kyk9bz"
        role="switch"
      >
        <div
          class="svelte-kyk9bz"
        >
          17
        </div>
      </button>
      <button
        aria-checked="false"
        class="svelte-kyk9bz"
        role="switch"
      >
        <div
          class="svelte-kyk9bz"
        >
          18
        </div>
      </button>
      <button
        aria-checked="false"
        class="svelte-kyk9bz"
        role="switch"
      >
        <div
          class="svelte-kyk9bz"
        >
          19
        </div>
      </button>
      <button
        aria-checked="false"
        class="svelte-kyk9bz"
        role="switch"
      >
        <div
          class="svelte-kyk9bz"
        >
          20
        </div>
      </button>
      <button
        aria-checked="false"
        class="svelte-kyk9bz"
        role="switch"
      >
        <div
          class="svelte-kyk9bz"
        >
          21
        </div>
      </button>
      <button
        aria-checked="false"
        class="svelte-kyk9bz"
        role="switch"
      >
        <div
          class="svelte-kyk9bz"
        >
          22
        </div>
      </button>
      <button
        aria-checked="false"
        class="svelte-kyk9bz"
        role="switch"
      >
        <div
          class="svelte-kyk9bz"
        >
          23
        </div>
      </button>
      <button
        aria-checked="false"
        class="svelte-kyk9bz"
        role="switch"
      >
        <div
          class="svelte-kyk9bz"
        >
          24
        </div>
      </button>
      <button
        aria-checked="false"
        class="svelte-kyk9bz"
        role="switch"
      >
        <div
          class="svelte-kyk9bz"
        >
          25
        </div>
      </button>
      <button
        aria-checked="false"
        class="svelte-kyk9bz"
        role="switch"
      >
        <div
          class="svelte-kyk9bz"
        >
          26
        </div>
      </button>
      <button
        aria-checked="false"
        class="svelte-kyk9bz"
        role="switch"
      >
        <div
          class="svelte-kyk9bz"
        >
          27
        </div>
      </button>
      <button
        aria-checked="false"
        class="svelte-kyk9bz"
        role="switch"
      >
        <div
          class="svelte-kyk9bz"
        >
          28
        </div>
      </button>
      <button
        aria-checked="false"
        class="svelte-kyk9bz"
        role="switch"
      >
        <div
          class="svelte-kyk9bz"
        >
          29
        </div>
      </button>
      <button
        aria-checked="false"
        class="svelte-kyk9bz"
        role="switch"
      >
        <div
          class="svelte-kyk9bz"
        >
          30
        </div>
      </button>
      
      <div
        class="svelte-14jn1vn"
      >
        <span
          class="svelte-14jn1vn"
        >
          N
        </span>
      </div>
       
      <button
        aria-checked="false"
        class="svelte-kyk9bz"
        role="switch"
      >
        <div
          class="svelte-kyk9bz"
        >
          31
        </div>
      </button>
      <button
        aria-checked="false"
        class="svelte-kyk9bz"
        role="switch"
      >
        <div
          class="svelte-kyk9bz"
        >
          32
        </div>
      </button>
      <button
        aria-checked="false"
        class="svelte-kyk9bz"
        role="switch"
      >
        <div
          class="svelte-kyk9bz"
        >
          33
        </div>
      </button>
      <button
        aria-checked="false"
        class="svelte-kyk9bz"
        role="switch"
      >
        <div
          class="svelte-kyk9bz"
        >
          34
        </div>
      </button>
      <button
        aria-checked="false"
        class="svelte-kyk9bz"
        role="switch"
      >
        <div
          class="svelte-kyk9bz"
        >
          35
        </div>
      </button>
      <button
        aria-checked="false"
        class="svelte-kyk9bz"
        role="switch"
      >
        <div
          class="svelte-kyk9bz"
        >
          36
        </div>
      </button>
      <button
        aria-checked="false"
        class="svelte-kyk9bz"
        role="switch"
      >
        <div
          class="svelte-kyk9bz"
        >
          37
        </div>
      </button>
      <button
        aria-checked="false"
        class="svelte-kyk9bz"
        role="switch"
      >
        <div
          class="svelte-kyk9bz"
        >
          38
        </div>
      </button>
      <button
        aria-checked="false"
        class="svelte-kyk9bz"
        role="switch"
      >
        <div
          class="svelte-kyk9bz"
        >
          39
        </div>
      </button>
      <button
        aria-checked="false"
        class="svelte-kyk9bz"
        role="switch"
      >
        <div
          class="svelte-kyk9bz"
        >
          40
        </div>
      </button>
      <button
        aria-checked="false"
        class="svelte-kyk9bz"
        role="switch"
      >
        <div
          class="svelte-kyk9bz"
        >
          41
        </div>
      </button>
      <button
        aria-checked="false"
        class="svelte-kyk9bz"
        role="switch"
      >
        <div
          class="svelte-kyk9bz"
        >
          42
        </div>
      </button>
      <button
        aria-checked="false"
        class="svelte-kyk9bz"
        role="switch"
      >
        <div
          class="svelte-kyk9bz"
        >
          43
        </div>
      </button>
      <button
        aria-checked="false"
        class="svelte-kyk9bz"
        role="switch"
      >
        <div
          class="svelte-kyk9bz"
        >
          44
        </div>
      </button>
      <button
        aria-checked="false"
        class="svelte-kyk9bz"
        role="switch"
      >
        <div
          class="svelte-kyk9bz"
        >
          45
        </div>
      </button>
      
      <div
        class="svelte-14jn1vn"
      >
        <span
          class="svelte-14jn1vn"
        >
          G
        </span>
      </div>
       
      <button
        aria-checked="false"
        class="svelte-kyk9bz"
        role="switch"
      >
        <div
          class="svelte-kyk9bz"
        >
          46
        </div>
      </button>
      <button
        aria-checked="false"
        class="svelte-kyk9bz"
        role="switch"
      >
        <div
          class="svelte-kyk9bz"
        >
          47
        </div>
      </button>
      <button
        aria-checked="false"
        class="svelte-kyk9bz"
        role="switch"
      >
        <div
          class="svelte-kyk9bz"
        >
          48
        </div>
      </button>
      <button
        aria-checked="false"
        class="svelte-kyk9bz"
        role="switch"
      >
        <div
          class="svelte-kyk9bz"
        >
          49
        </div>
      </button>
      <button
        aria-checked="false"
        class="svelte-kyk9bz"
        role="switch"
      >
        <div
          class="svelte-kyk9bz"
        >
          50
        </div>
      </button>
      <button
        aria-checked="false"
        class="svelte-kyk9bz"
        role="switch"
      >
        <div
          class="svelte-kyk9bz"
        >
          51
        </div>
      </button>
      <button
        aria-checked="false"
        class="svelte-kyk9bz"
        role="switch"
      >
        <div
          class="svelte-kyk9bz"
        >
          52
        </div>
      </button>
      <button
        aria-checked="false"
        class="svelte-kyk9bz"
        role="switch"
      >
        <div
          class="svelte-kyk9bz"
        >
          53
        </div>
      </button>
      <button
        aria-checked="false"
        class="svelte-kyk9bz"
        role="switch"
      >
        <div
          class="svelte-kyk9bz"
        >
          54
        </div>
      </button>
      <button
        aria-checked="false"
        class="svelte-kyk9bz"
        role="switch"
      >
        <div
          class="svelte-kyk9bz"
        >
          55
        </div>
      </button>
      <button
        aria-checked="false"
        class="svelte-kyk9bz"
        role="switch"
      >
        <div
          class="svelte-kyk9bz"
        >
          56
        </div>
      </button>
      <button
        aria-checked="false"
        class="svelte-kyk9bz"
        role="switch"
      >
        <div
          class="svelte-kyk9bz"
        >
          57
        </div>
      </button>
      <button
        aria-checked="false"
        class="svelte-kyk9bz"
        role="switch"
      >
        <div
          class="svelte-kyk9bz"
        >
          58
        </div>
      </button>
      <button
        aria-checked="false"
        class="svelte-kyk9bz"
        role="switch"
      >
        <div
          class="svelte-kyk9bz"
        >
          59
        </div>
      </button>
      <button
        aria-checked="false"
        class="svelte-kyk9bz"
        role="switch"
      >
        <div
          class="svelte-kyk9bz"
        >
          60
        </div>
      </button>
      
      <div
        class="svelte-14jn1vn"
      >
        <span
          class="svelte-14jn1vn"
        >
          O
        </span>
      </div>
       
      <button
        aria-checked="false"
        class="svelte-kyk9bz"
        role="switch"
      >
        <div
          class="svelte-kyk9bz"
        >
          61
        </div>
      </button>
      <button
        aria-checked="false"
        class="svelte-kyk9bz"
        role="switch"
      >
        <div
          class="svelte-kyk9bz"
        >
          62
        </div>
      </button>
      <button
        aria-checked="false"
        class="svelte-kyk9bz"
        role="switch"
      >
        <div
          class="svelte-kyk9bz"
        >
          63
        </div>
      </button>
      <button
        aria-checked="false"
        class="svelte-kyk9bz"
        role="switch"
      >
        <div
          class="svelte-kyk9bz"
        >
          64
        </div>
      </button>
      <button
        aria-checked="false"
        class="svelte-kyk9bz"
        role="switch"
      >
        <div
          class="svelte-kyk9bz"
        >
          65
        </div>
      </button>
      <button
        aria-checked="false"
        class="svelte-kyk9bz"
        role="switch"
      >
        <div
          class="svelte-kyk9bz"
        >
          66
        </div>
      </button>
      <button
        aria-checked="false"
        class="svelte-kyk9bz"
        role="switch"
      >
        <div
          class="svelte-kyk9bz"
        >
          67
        </div>
      </button>
      <button
        aria-checked="false"
        class="svelte-kyk9bz"
        role="switch"
      >
        <div
          class="svelte-kyk9bz"
        >
          68
        </div>
      </button>
      <button
        aria-checked="false"
        class="svelte-kyk9bz"
        role="switch"
      >
        <div
          class="svelte-kyk9bz"
        >
          69
        </div>
      </button>
      <button
        aria-checked="false"
        class="svelte-kyk9bz"
        role="switch"
      >
        <div
          class="svelte-kyk9bz"
        >
          70
        </div>
      </button>
      <button
        aria-checked="false"
        class="svelte-kyk9bz"
        role="switch"
      >
        <div
          class="svelte-kyk9bz"
        >
          71
        </div>
      </button>
      <button
        aria-checked="false"
        class="svelte-kyk9bz"
        role="switch"
      >
        <div
          class="svelte-kyk9bz"
        >
          72
        </div>
      </button>
      <button
        aria-checked="false"
        class="svelte-kyk9bz"
        role="switch"
      >
        <div
          class="svelte-kyk9bz"
        >
          73
        </div>
      </button>
      <button
        aria-checked="false"
        class="svelte-kyk9bz"
        role="switch"
      >
        <div
          class="svelte-kyk9bz"
        >
          74
        </div>
      </button>
      <button
        aria-checked="false"
        class="svelte-kyk9bz"
        role="switch"
      >
        <div
          class="svelte-kyk9bz"
        >
          75
        </div>
      </button>
      
    </div>
     
    <div
      class="games svelte-rtcokp"
      data-testid="games"
    >
      <div
        class="svelte-rtcokp"
      >
        <button
          aria-label="Select Game"
          class="svelte-bvxh5p"
          type="button"
        >
          <div
            class="svelte-bvxh5p filled"
          />
          <div
            class="svelte-bvxh5p filled"
          />
          <div
            class="svelte-bvxh5p filled"
          />
          <div
            class="svelte-bvxh5p filled"
          />
          <div
            class="svelte-bvxh5p filled"
          />
          
          <div
            class="svelte-bvxh5p"
          />
          <div
            class="svelte-bvxh5p"
          />
          <div
            class="svelte-bvxh5p"
          />
          <div
            class="svelte-bvxh5p"
          />
          <div
            class="svelte-bvxh5p"
          />
          
          <div
            class="svelte-bvxh5p"
          />
          <div
            class="svelte-bvxh5p"
          />
          <div
            class="svelte-bvxh5p"
          />
          <div
            class="svelte-bvxh5p"
          />
          <div
            class="svelte-bvxh5p"
          />
          
          <div
            class="svelte-bvxh5p"
          />
          <div
            class="svelte-bvxh5p"
          />
          <div
            class="svelte-bvxh5p"
          />
          <div
            class="svelte-bvxh5p"
          />
          <div
            class="svelte-bvxh5p"
          />
          
          <div
            class="svelte-bvxh5p"
          />
          <div
            class="svelte-bvxh5p"
          />
          <div
            class="svelte-bvxh5p"
          />
          <div
            class="svelte-bvxh5p"
          />
          <div
            class="svelte-bvxh5p"
          />
          
        </button>
      </div>
       
      <div
        class="svelte-rtcokp active"
      >
        <button
          aria-label="Select Game"
          class="svelte-bvxh5p"
          type="button"
        >
          <div
            class="svelte-bvxh5p filled"
          />
          <div
            class="svelte-bvxh5p filled"
          />
          <div
            class="svelte-bvxh5p filled"
          />
          <div
            class="svelte-bvxh5p filled"
          />
          <div
            class="svelte-bvxh5p filled"
          />
          
          <div
            class="svelte-bvxh5p filled"
          />
          <div
            class="svelte-bvxh5p"
          />
          <div
            class="svelte-bvxh5p"
          />
          <div
            class="svelte-bvxh5p"
          />
          <div
            class="svelte-bvxh5p filled"
          />
          
          <div
            class="svelte-bvxh5p filled"
          />
          <div
            class="svelte-bvxh5p"
          />
          <div
            class="svelte-bvxh5p"
          />
          <div
            class="svelte-bvxh5p"
          />
          <div
            class="svelte-bvxh5p filled"
          />
          
          <div
            class="svelte-bvxh5p filled"
          />
          <div
            class="svelte-bvxh5p"
          />
          <div
            class="svelte-bvxh5p"
          />
          <div
            class="svelte-bvxh5p"
          />
          <div
            class="svelte-bvxh5p filled"
          />
          
          <div
            class="svelte-bvxh5p filled"
          />
          <div
            class="svelte-bvxh5p filled"
          />
          <div
            class="svelte-bvxh5p filled"
          />
          <div
            class="svelte-bvxh5p filled"
          />
          <div
            class="svelte-bvxh5p filled"
          />
          
        </button>
         
      </div>
      <div
        class="svelte-rtcokp"
      >
        <button
          aria-label="Select Game"
          class="svelte-bvxh5p"
          type="button"
        >
          <div
            class="svelte-bvxh5p"
          />
          <div
            class="svelte-bvxh5p"
          />
          <div
            class="svelte-bvxh5p"
          />
          <div
            class="svelte-bvxh5p"
          />
          <div
            class="svelte-bvxh5p"
          />
          
          <div
            class="svelte-bvxh5p"
          />
          <div
            class="svelte-bvxh5p filled"
          />
          <div
            class="svelte-bvxh5p filled"
          />
          <div
            class="svelte-bvxh5p filled"
          />
          <div
            class="svelte-bvxh5p"
          />
          
          <div
            class="svelte-bvxh5p"
          />
          <div
            class="svelte-bvxh5p filled"
          />
          <div
            class="svelte-bvxh5p"
          />
          <div
            class="svelte-bvxh5p filled"
          />
          <div
            class="svelte-bvxh5p"
          />
          
          <div
            class="svelte-bvxh5p"
          />
          <div
            class="svelte-bvxh5p filled"
          />
          <div
            class="svelte-bvxh5p filled"
          />
          <div
            class="svelte-bvxh5p filled"
          />
          <div
            class="svelte-bvxh5p"
          />
          
          <div
            class="svelte-bvxh5p"
          />
          <div
            class="svelte-bvxh5p"
          />
          <div
            class="svelte-bvxh5p"
          />
          <div
            class="svelte-bvxh5p"
          />
          <div
            class="svelte-bvxh5p"
          />
          
        </button>
         
      </div>
      <div
        class="svelte-rtcokp"
      >
        <button
          aria-label="Select Game"
          class="svelte-bvxh5p"
          type="button"
        >
          <div
            class="svelte-bvxh5p filled"
          />
          <div
            class="svelte-bvxh5p filled"
          />
          <div
            class="svelte-bvxh5p"
          />
          <div
            class="svelte-bvxh5p filled"
          />
          <div
            class="svelte-bvxh5p filled"
          />
          
          <div
            class="svelte-bvxh5p filled"
          />
          <div
            class="svelte-bvxh5p filled"
          />
          <div
            class="svelte-bvxh5p"
          />
          <div
            class="svelte-bvxh5p filled"
          />
          <div
            class="svelte-bvxh5p filled"
          />
          
          <div
            class="svelte-bvxh5p"
          />
          <div
            class="svelte-bvxh5p"
          />
          <div
            class="svelte-bvxh5p"
          />
          <div
            class="svelte-bvxh5p"
          />
          <div
            class="svelte-bvxh5p"
          />
          
          <div
            class="svelte-bvxh5p filled"
          />
          <div
            class="svelte-bvxh5p filled"
          />
          <div
            class="svelte-bvxh5p"
          />
          <div
            class="svelte-bvxh5p filled"
          />
          <div
            class="svelte-bvxh5p filled"
          />
          
          <div
            class="svelte-bvxh5p filled"
          />
          <div
            class="svelte-bvxh5p filled"
          />
          <div
            class="svelte-bvxh5p"
          />
          <div
            class="svelte-bvxh5p filled"
          />
          <div
            class="svelte-bvxh5p filled"
          />
          
        </button>
         
      </div>
      <div
        class="svelte-rtcokp"
      >
        <button
          aria-label="Select Game"
          class="svelte-bvxh5p"
          type="button"
        >
          <div
            class="svelte-bvxh5p filled"
          />
          <div
            class="svelte-bvxh5p"
          />
          <div
            class="svelte-bvxh5p"
          />
          <div
            class="svelte-bvxh5p"
          />
          <div
            class="svelte-bvxh5p filled"
          />
          
          <div
            class="svelte-bvxh5p"
          />
          <div
            class="svelte-bvxh5p filled"
          />
          <div
            class="svelte-bvxh5p"
          />
          <div
            class="svelte-bvxh5p filled"
          />
          <div
            class="svelte-bvxh5p"
          />
          
          <div
            class="svelte-bvxh5p"
          />
          <div
            class="svelte-bvxh5p"
          />
          <div
            class="svelte-bvxh5p filled"
          />
          <div
            class="svelte-bvxh5p"
          />
          <div
            class="svelte-bvxh5p"
          />
          
          <div
            class="svelte-bvxh5p"
          />
          <div
            class="svelte-bvxh5p filled"
          />
          <div
            class="svelte-bvxh5p"
          />
          <div
            class="svelte-bvxh5p filled"
          />
          <div
            class="svelte-bvxh5p"
          />
          
          <div
            class="svelte-bvxh5p filled"
          />
          <div
            class="svelte-bvxh5p"
          />
          <div
            class="svelte-bvxh5p"
          />
          <div
            class="svelte-bvxh5p"
          />
          <div
            class="svelte-bvxh5p filled"
          />
          
        </button>
         
      </div>
      <div
        class="svelte-rtcokp"
      >
        <button
          aria-label="Select Game"
          class="svelte-bvxh5p"
          type="button"
        >
          <div
            class="svelte-bvxh5p filled"
          />
          <div
            class="svelte-bvxh5p filled"
          />
          <div
            class="svelte-bvxh5p filled"
          />
          <div
            class="svelte-bvxh5p filled"
          />
          <div
            class="svelte-bvxh5p filled"
          />
          
          <div
            class="svelte-bvxh5p"
          />
          <div
            class="svelte-bvxh5p"
          />
          <div
            class="svelte-bvxh5p filled"
          />
          <div
            class="svelte-bvxh5p"
          />
          <div
            class="svelte-bvxh5p"
          />
          
          <div
            class="svelte-bvxh5p"
          />
          <div
            class="svelte-bvxh5p"
          />
          <div
            class="svelte-bvxh5p filled"
          />
          <div
            class="svelte-bvxh5p"
          />
          <div
            class="svelte-bvxh5p"
          />
          
          <div
            class="svelte-bvxh5p"
          />
          <div
            class="svelte-bvxh5p"
          />
          <div
            class="svelte-bvxh5p filled"
          />
          <div
            class="svelte-bvxh5p"
          />
          <div
            class="svelte-bvxh5p"
          />
          
          <div
            class="svelte-bvxh5p"
          />
          <div
            class="svelte-bvxh5p"
          />
          <div
            class="svelte-bvxh5p filled"
          />
          <div
            class="svelte-bvxh5p"
          />
          <div
            class="svelte-bvxh5p"
          />
          
        </button>
         
      </div>
      <div
        class="svelte-rtcokp"
      >
        <button
          aria-label="Select Game"
          class="svelte-bvxh5p"
          type="button"
        >
          <div
            class="svelte-bvxh5p"
          />
          <div
            class="svelte-bvxh5p"
          />
          <div
            class="svelte-bvxh5p filled"
          />
          <div
            class="svelte-bvxh5p"
          />
          <div
            class="svelte-bvxh5p"
          />
          
          <div
            class="svelte-bvxh5p"
          />
          <div
            class="svelte-bvxh5p"
          />
          <div
            class="svelte-bvxh5p filled"
          />
          <div
            class="svelte-bvxh5p"
          />
          <div
            class="svelte-bvxh5p"
          />
          
          <div
            class="svelte-bvxh5p filled"
          />
          <div
            class="svelte-bvxh5p filled"
          />
          <div
            class="svelte-bvxh5p filled"
          />
          <div
            class="svelte-bvxh5p filled"
          />
          <div
            class="svelte-bvxh5p filled"
          />
          
          <div
            class="svelte-bvxh5p"
          />
          <div
            class="svelte-bvxh5p"
          />
          <div
            class="svelte-bvxh5p filled"
          />
          <div
            class="svelte-bvxh5p"
          />
          <div
            class="svelte-bvxh5p"
          />
          
          <div
            class="svelte-bvxh5p"
          />
          <div
            class="svelte-bvxh5p"
          />
          <div
            class="svelte-bvxh5p filled"
          />
          <div
            class="svelte-bvxh5p"
          />
          <div
            class="svelte-bvxh5p"
          />
          
        </button>
         
      </div>
      <div
        class="svelte-rtcokp"
      >
        <button
          aria-label="Select Game"
          class="svelte-bvxh5p"
          type="button"
        >
          <div
            class="svelte-bvxh5p filled"
          />
          <div
            class="svelte-bvxh5p"
          />
          <div
            class="svelte-bvxh5p"
          />
          <div
            class="svelte-bvxh5p"
          />
          <div
            class="svelte-bvxh5p"
          />
          
          <div
            class="svelte-bvxh5p filled"
          />
          <div
            class="svelte-bvxh5p"
          />
          <div
            class="svelte-bvxh5p"
          />
          <div
            class="svelte-bvxh5p"
          />
          <div
            class="svelte-bvxh5p"
          />
          
          <div
            class="svelte-bvxh5p filled"
          />
          <div
            class="svelte-bvxh5p"
          />
          <div
            class="svelte-bvxh5p"
          />
          <div
            class="svelte-bvxh5p"
          />
          <div
            class="svelte-bvxh5p"
          />
          
          <div
            class="svelte-bvxh5p filled"
          />
          <div
            class="svelte-bvxh5p"
          />
          <div
            class="svelte-bvxh5p"
          />
          <div
            class="svelte-bvxh5p"
          />
          <div
            class="svelte-bvxh5p"
          />
          
          <div
            class="svelte-bvxh5p filled"
          />
          <div
            class="svelte-bvxh5p filled"
          />
          <div
            class="svelte-bvxh5p filled"
          />
          <div
            class="svelte-bvxh5p filled"
          />
          <div
            class="svelte-bvxh5p filled"
          />
          
        </button>
         
      </div>
      <div
        class="svelte-rtcokp"
      >
        <button
          aria-label="Select Game"
          class="svelte-bvxh5p"
          type="button"
        >
          <div
            class="svelte-bvxh5p filled"
          />
          <div
            class="svelte-bvxh5p filled"
          />
          <div
            class="svelte-bvxh5p filled"
          />
          <div
            class="svelte-bvxh5p filled"
          />
          <div
            class="svelte-bvxh5p filled"
          />
          
          <div
            class="svelte-bvxh5p filled"
          />
          <div
            class="svelte-bvxh5p filled"
          />
          <div
            class="svelte-bvxh5p filled"
          />
          <div
            class="svelte-bvxh5p filled"
          />
          <div
            class="svelte-bvxh5p filled"
          />
          
          <div
            class="svelte-bvxh5p filled"
          />
          <div
            class="svelte-bvxh5p filled"
          />
          <div
            class="svelte-bvxh5p filled"
          />
          <div
            class="svelte-bvxh5p filled"
          />
          <div
            class="svelte-bvxh5p filled"
          />
          
          <div
            class="svelte-bvxh5p filled"
          />
          <div
            class="svelte-bvxh5p filled"
          />
          <div
            class="svelte-bvxh5p filled"
          />
          <div
            class="svelte-bvxh5p filled"
          />
          <div
            class="svelte-bvxh5p filled"
          />
          
          <div
            class="svelte-bvxh5p filled"
          />
          <div
            class="svelte-bvxh5p filled"
          />
          <div
            class="svelte-bvxh5p filled"
          />
          <div
            class="svelte-bvxh5p filled"
          />
          <div
            class="svelte-bvxh5p filled"
          />
          
        </button>
         
      </div>
    </div>
     
    <div>
      <button
        class="svelte-qnnizk"
        type="button"
      >
        Reset Game
      </button>
       
      <input
        class="svelte-1j38s5i"
        max="99999"
        min="10000"
        placeholder="card #"
        type="number"
      />
       
      <button
        class="svelte-qnnizk"
        disabled=""
        type="button"
      >
        Check Card
      </button>
    </div>
     
  </div>
</div>
`;
