// Vitest Snapshot v1, https://vitest.dev/guide/snapshot.html

exports[`Cards > when generate button is clicked > should generate new set of cards 1`] = `
[
  <div
    class="card svelte-ayymqd"
    data-testid="card"
  >
    <div
      class="svelte-14jn1vn"
    >
      <span
        class="svelte-14jn1vn"
      >
        B
      </span>
    </div>
    <div
      class="svelte-14jn1vn"
    >
      <span
        class="svelte-14jn1vn"
      >
        I
      </span>
    </div>
    <div
      class="svelte-14jn1vn"
    >
      <span
        class="svelte-14jn1vn"
      >
        N
      </span>
    </div>
    <div
      class="svelte-14jn1vn"
    >
      <span
        class="svelte-14jn1vn"
      >
        G
      </span>
    </div>
    <div
      class="svelte-14jn1vn"
    >
      <span
        class="svelte-14jn1vn"
      >
        O
      </span>
    </div>
     
    <button
      aria-checked="false"
      class="svelte-kyk9bz"
      role="switch"
    >
      <div
        class="svelte-kyk9bz"
      >
        7
      </div>
    </button>
    <button
      aria-checked="false"
      class="svelte-kyk9bz"
      role="switch"
    >
      <div
        class="svelte-kyk9bz"
      >
        24
      </div>
    </button>
    <button
      aria-checked="false"
      class="svelte-kyk9bz"
      role="switch"
    >
      <div
        class="svelte-kyk9bz"
      >
        39
      </div>
    </button>
    <button
      aria-checked="false"
      class="svelte-kyk9bz"
      role="switch"
    >
      <div
        class="svelte-kyk9bz"
      >
        52
      </div>
    </button>
    <button
      aria-checked="false"
      class="svelte-kyk9bz"
      role="switch"
    >
      <div
        class="svelte-kyk9bz"
      >
        67
      </div>
    </button>
    
    <button
      aria-checked="false"
      class="svelte-kyk9bz"
      role="switch"
    >
      <div
        class="svelte-kyk9bz"
      >
        14
      </div>
    </button>
    <button
      aria-checked="false"
      class="svelte-kyk9bz"
      role="switch"
    >
      <div
        class="svelte-kyk9bz"
      >
        29
      </div>
    </button>
    <button
      aria-checked="false"
      class="svelte-kyk9bz"
      role="switch"
    >
      <div
        class="svelte-kyk9bz"
      >
        32
      </div>
    </button>
    <button
      aria-checked="false"
      class="svelte-kyk9bz"
      role="switch"
    >
      <div
        class="svelte-kyk9bz"
      >
        59
      </div>
    </button>
    <button
      aria-checked="false"
      class="svelte-kyk9bz"
      role="switch"
    >
      <div
        class="svelte-kyk9bz"
      >
        75
      </div>
    </button>
    
    <button
      aria-checked="false"
      class="svelte-kyk9bz"
      role="switch"
    >
      <div
        class="svelte-kyk9bz"
      >
        9
      </div>
    </button>
    <button
      aria-checked="false"
      class="svelte-kyk9bz"
      role="switch"
    >
      <div
        class="svelte-kyk9bz"
      >
        28
      </div>
    </button>
    <button
      aria-checked="false"
      class="svelte-kyk9bz"
      role="switch"
    >
      <div
        class="svelte-kyk9bz"
      >
        free
      </div>
    </button>
    <button
      aria-checked="false"
      class="svelte-kyk9bz"
      role="switch"
    >
      <div
        class="svelte-kyk9bz"
      >
        56
      </div>
    </button>
    <button
      aria-checked="false"
      class="svelte-kyk9bz"
      role="switch"
    >
      <div
        class="svelte-kyk9bz"
      >
        66
      </div>
    </button>
    
    <button
      aria-checked="false"
      class="svelte-kyk9bz"
      role="switch"
    >
      <div
        class="svelte-kyk9bz"
      >
        2
      </div>
    </button>
    <button
      aria-checked="false"
      class="svelte-kyk9bz"
      role="switch"
    >
      <div
        class="svelte-kyk9bz"
      >
        23
      </div>
    </button>
    <button
      aria-checked="false"
      class="svelte-kyk9bz"
      role="switch"
    >
      <div
        class="svelte-kyk9bz"
      >
        33
      </div>
    </button>
    <button
      aria-checked="false"
      class="svelte-kyk9bz"
      role="switch"
    >
      <div
        class="svelte-kyk9bz"
      >
        55
      </div>
    </button>
    <button
      aria-checked="false"
      class="svelte-kyk9bz"
      role="switch"
    >
      <div
        class="svelte-kyk9bz"
      >
        70
      </div>
    </button>
    
    <button
      aria-checked="false"
      class="svelte-kyk9bz"
      role="switch"
    >
      <div
        class="svelte-kyk9bz"
      >
        4
      </div>
    </button>
    <button
      aria-checked="false"
      class="svelte-kyk9bz"
      role="switch"
    >
      <div
        class="svelte-kyk9bz"
      >
        19
      </div>
    </button>
    <button
      aria-checked="false"
      class="svelte-kyk9bz"
      role="switch"
    >
      <div
        class="svelte-kyk9bz"
      >
        45
      </div>
    </button>
    <button
      aria-checked="false"
      class="svelte-kyk9bz"
      role="switch"
    >
      <div
        class="svelte-kyk9bz"
      >
        53
      </div>
    </button>
    <button
      aria-checked="false"
      class="svelte-kyk9bz"
      role="switch"
    >
      <div
        class="svelte-kyk9bz"
      >
        68
      </div>
    </button>
    
     
    <div
      class="foot svelte-ayymqd"
    >
      54321
    </div>
  </div>,
  <div
    class="card svelte-ayymqd"
    data-testid="card"
  >
    <div
      class="svelte-14jn1vn"
    >
      <span
        class="svelte-14jn1vn"
      >
        B
      </span>
    </div>
    <div
      class="svelte-14jn1vn"
    >
      <span
        class="svelte-14jn1vn"
      >
        I
      </span>
    </div>
    <div
      class="svelte-14jn1vn"
    >
      <span
        class="svelte-14jn1vn"
      >
        N
      </span>
    </div>
    <div
      class="svelte-14jn1vn"
    >
      <span
        class="svelte-14jn1vn"
      >
        G
      </span>
    </div>
    <div
      class="svelte-14jn1vn"
    >
      <span
        class="svelte-14jn1vn"
      >
        O
      </span>
    </div>
     
    <button
      aria-checked="false"
      class="svelte-kyk9bz"
      role="switch"
    >
      <div
        class="svelte-kyk9bz"
      >
        7
      </div>
    </button>
    <button
      aria-checked="false"
      class="svelte-kyk9bz"
      role="switch"
    >
      <div
        class="svelte-kyk9bz"
      >
        24
      </div>
    </button>
    <button
      aria-checked="false"
      class="svelte-kyk9bz"
      role="switch"
    >
      <div
        class="svelte-kyk9bz"
      >
        39
      </div>
    </button>
    <button
      aria-checked="false"
      class="svelte-kyk9bz"
      role="switch"
    >
      <div
        class="svelte-kyk9bz"
      >
        52
      </div>
    </button>
    <button
      aria-checked="false"
      class="svelte-kyk9bz"
      role="switch"
    >
      <div
        class="svelte-kyk9bz"
      >
        67
      </div>
    </button>
    
    <button
      aria-checked="false"
      class="svelte-kyk9bz"
      role="switch"
    >
      <div
        class="svelte-kyk9bz"
      >
        14
      </div>
    </button>
    <button
      aria-checked="false"
      class="svelte-kyk9bz"
      role="switch"
    >
      <div
        class="svelte-kyk9bz"
      >
        29
      </div>
    </button>
    <button
      aria-checked="false"
      class="svelte-kyk9bz"
      role="switch"
    >
      <div
        class="svelte-kyk9bz"
      >
        32
      </div>
    </button>
    <button
      aria-checked="false"
      class="svelte-kyk9bz"
      role="switch"
    >
      <div
        class="svelte-kyk9bz"
      >
        59
      </div>
    </button>
    <button
      aria-checked="false"
      class="svelte-kyk9bz"
      role="switch"
    >
      <div
        class="svelte-kyk9bz"
      >
        75
      </div>
    </button>
    
    <button
      aria-checked="false"
      class="svelte-kyk9bz"
      role="switch"
    >
      <div
        class="svelte-kyk9bz"
      >
        9
      </div>
    </button>
    <button
      aria-checked="false"
      class="svelte-kyk9bz"
      role="switch"
    >
      <div
        class="svelte-kyk9bz"
      >
        28
      </div>
    </button>
    <button
      aria-checked="false"
      class="svelte-kyk9bz"
      role="switch"
    >
      <div
        class="svelte-kyk9bz"
      >
        free
      </div>
    </button>
    <button
      aria-checked="false"
      class="svelte-kyk9bz"
      role="switch"
    >
      <div
        class="svelte-kyk9bz"
      >
        56
      </div>
    </button>
    <button
      aria-checked="false"
      class="svelte-kyk9bz"
      role="switch"
    >
      <div
        class="svelte-kyk9bz"
      >
        66
      </div>
    </button>
    
    <button
      aria-checked="false"
      class="svelte-kyk9bz"
      role="switch"
    >
      <div
        class="svelte-kyk9bz"
      >
        2
      </div>
    </button>
    <button
      aria-checked="false"
      class="svelte-kyk9bz"
      role="switch"
    >
      <div
        class="svelte-kyk9bz"
      >
        23
      </div>
    </button>
    <button
      aria-checked="false"
      class="svelte-kyk9bz"
      role="switch"
    >
      <div
        class="svelte-kyk9bz"
      >
        33
      </div>
    </button>
    <button
      aria-checked="false"
      class="svelte-kyk9bz"
      role="switch"
    >
      <div
        class="svelte-kyk9bz"
      >
        55
      </div>
    </button>
    <button
      aria-checked="false"
      class="svelte-kyk9bz"
      role="switch"
    >
      <div
        class="svelte-kyk9bz"
      >
        70
      </div>
    </button>
    
    <button
      aria-checked="false"
      class="svelte-kyk9bz"
      role="switch"
    >
      <div
        class="svelte-kyk9bz"
      >
        4
      </div>
    </button>
    <button
      aria-checked="false"
      class="svelte-kyk9bz"
      role="switch"
    >
      <div
        class="svelte-kyk9bz"
      >
        19
      </div>
    </button>
    <button
      aria-checked="false"
      class="svelte-kyk9bz"
      role="switch"
    >
      <div
        class="svelte-kyk9bz"
      >
        45
      </div>
    </button>
    <button
      aria-checked="false"
      class="svelte-kyk9bz"
      role="switch"
    >
      <div
        class="svelte-kyk9bz"
      >
        53
      </div>
    </button>
    <button
      aria-checked="false"
      class="svelte-kyk9bz"
      role="switch"
    >
      <div
        class="svelte-kyk9bz"
      >
        68
      </div>
    </button>
    
     
    <div
      class="foot svelte-ayymqd"
    >
      54321
    </div>
  </div>,
  <div
    class="card svelte-ayymqd"
    data-testid="card"
  >
    <div
      class="svelte-14jn1vn"
    >
      <span
        class="svelte-14jn1vn"
      >
        B
      </span>
    </div>
    <div
      class="svelte-14jn1vn"
    >
      <span
        class="svelte-14jn1vn"
      >
        I
      </span>
    </div>
    <div
      class="svelte-14jn1vn"
    >
      <span
        class="svelte-14jn1vn"
      >
        N
      </span>
    </div>
    <div
      class="svelte-14jn1vn"
    >
      <span
        class="svelte-14jn1vn"
      >
        G
      </span>
    </div>
    <div
      class="svelte-14jn1vn"
    >
      <span
        class="svelte-14jn1vn"
      >
        O
      </span>
    </div>
     
    <button
      aria-checked="false"
      class="svelte-kyk9bz"
      role="switch"
    >
      <div
        class="svelte-kyk9bz"
      >
        7
      </div>
    </button>
    <button
      aria-checked="false"
      class="svelte-kyk9bz"
      role="switch"
    >
      <div
        class="svelte-kyk9bz"
      >
        24
      </div>
    </button>
    <button
      aria-checked="false"
      class="svelte-kyk9bz"
      role="switch"
    >
      <div
        class="svelte-kyk9bz"
      >
        39
      </div>
    </button>
    <button
      aria-checked="false"
      class="svelte-kyk9bz"
      role="switch"
    >
      <div
        class="svelte-kyk9bz"
      >
        52
      </div>
    </button>
    <button
      aria-checked="false"
      class="svelte-kyk9bz"
      role="switch"
    >
      <div
        class="svelte-kyk9bz"
      >
        67
      </div>
    </button>
    
    <button
      aria-checked="false"
      class="svelte-kyk9bz"
      role="switch"
    >
      <div
        class="svelte-kyk9bz"
      >
        14
      </div>
    </button>
    <button
      aria-checked="false"
      class="svelte-kyk9bz"
      role="switch"
    >
      <div
        class="svelte-kyk9bz"
      >
        29
      </div>
    </button>
    <button
      aria-checked="false"
      class="svelte-kyk9bz"
      role="switch"
    >
      <div
        class="svelte-kyk9bz"
      >
        32
      </div>
    </button>
    <button
      aria-checked="false"
      class="svelte-kyk9bz"
      role="switch"
    >
      <div
        class="svelte-kyk9bz"
      >
        59
      </div>
    </button>
    <button
      aria-checked="false"
      class="svelte-kyk9bz"
      role="switch"
    >
      <div
        class="svelte-kyk9bz"
      >
        75
      </div>
    </button>
    
    <button
      aria-checked="false"
      class="svelte-kyk9bz"
      role="switch"
    >
      <div
        class="svelte-kyk9bz"
      >
        9
      </div>
    </button>
    <button
      aria-checked="false"
      class="svelte-kyk9bz"
      role="switch"
    >
      <div
        class="svelte-kyk9bz"
      >
        28
      </div>
    </button>
    <button
      aria-checked="false"
      class="svelte-kyk9bz"
      role="switch"
    >
      <div
        class="svelte-kyk9bz"
      >
        free
      </div>
    </button>
    <button
      aria-checked="false"
      class="svelte-kyk9bz"
      role="switch"
    >
      <div
        class="svelte-kyk9bz"
      >
        56
      </div>
    </button>
    <button
      aria-checked="false"
      class="svelte-kyk9bz"
      role="switch"
    >
      <div
        class="svelte-kyk9bz"
      >
        66
      </div>
    </button>
    
    <button
      aria-checked="false"
      class="svelte-kyk9bz"
      role="switch"
    >
      <div
        class="svelte-kyk9bz"
      >
        2
      </div>
    </button>
    <button
      aria-checked="false"
      class="svelte-kyk9bz"
      role="switch"
    >
      <div
        class="svelte-kyk9bz"
      >
        23
      </div>
    </button>
    <button
      aria-checked="false"
      class="svelte-kyk9bz"
      role="switch"
    >
      <div
        class="svelte-kyk9bz"
      >
        33
      </div>
    </button>
    <button
      aria-checked="false"
      class="svelte-kyk9bz"
      role="switch"
    >
      <div
        class="svelte-kyk9bz"
      >
        55
      </div>
    </button>
    <button
      aria-checked="false"
      class="svelte-kyk9bz"
      role="switch"
    >
      <div
        class="svelte-kyk9bz"
      >
        70
      </div>
    </button>
    
    <button
      aria-checked="false"
      class="svelte-kyk9bz"
      role="switch"
    >
      <div
        class="svelte-kyk9bz"
      >
        4
      </div>
    </button>
    <button
      aria-checked="false"
      class="svelte-kyk9bz"
      role="switch"
    >
      <div
        class="svelte-kyk9bz"
      >
        19
      </div>
    </button>
    <button
      aria-checked="false"
      class="svelte-kyk9bz"
      role="switch"
    >
      <div
        class="svelte-kyk9bz"
      >
        45
      </div>
    </button>
    <button
      aria-checked="false"
      class="svelte-kyk9bz"
      role="switch"
    >
      <div
        class="svelte-kyk9bz"
      >
        53
      </div>
    </button>
    <button
      aria-checked="false"
      class="svelte-kyk9bz"
      role="switch"
    >
      <div
        class="svelte-kyk9bz"
      >
        68
      </div>
    </button>
    
     
    <div
      class="foot svelte-ayymqd"
    >
      54321
    </div>
  </div>,
  <div
    class="card svelte-ayymqd"
    data-testid="card"
  >
    <div
      class="svelte-14jn1vn"
    >
      <span
        class="svelte-14jn1vn"
      >
        B
      </span>
    </div>
    <div
      class="svelte-14jn1vn"
    >
      <span
        class="svelte-14jn1vn"
      >
        I
      </span>
    </div>
    <div
      class="svelte-14jn1vn"
    >
      <span
        class="svelte-14jn1vn"
      >
        N
      </span>
    </div>
    <div
      class="svelte-14jn1vn"
    >
      <span
        class="svelte-14jn1vn"
      >
        G
      </span>
    </div>
    <div
      class="svelte-14jn1vn"
    >
      <span
        class="svelte-14jn1vn"
      >
        O
      </span>
    </div>
     
    <button
      aria-checked="false"
      class="svelte-kyk9bz"
      role="switch"
    >
      <div
        class="svelte-kyk9bz"
      >
        7
      </div>
    </button>
    <button
      aria-checked="false"
      class="svelte-kyk9bz"
      role="switch"
    >
      <div
        class="svelte-kyk9bz"
      >
        24
      </div>
    </button>
    <button
      aria-checked="false"
      class="svelte-kyk9bz"
      role="switch"
    >
      <div
        class="svelte-kyk9bz"
      >
        39
      </div>
    </button>
    <button
      aria-checked="false"
      class="svelte-kyk9bz"
      role="switch"
    >
      <div
        class="svelte-kyk9bz"
      >
        52
      </div>
    </button>
    <button
      aria-checked="false"
      class="svelte-kyk9bz"
      role="switch"
    >
      <div
        class="svelte-kyk9bz"
      >
        67
      </div>
    </button>
    
    <button
      aria-checked="false"
      class="svelte-kyk9bz"
      role="switch"
    >
      <div
        class="svelte-kyk9bz"
      >
        14
      </div>
    </button>
    <button
      aria-checked="false"
      class="svelte-kyk9bz"
      role="switch"
    >
      <div
        class="svelte-kyk9bz"
      >
        29
      </div>
    </button>
    <button
      aria-checked="false"
      class="svelte-kyk9bz"
      role="switch"
    >
      <div
        class="svelte-kyk9bz"
      >
        32
      </div>
    </button>
    <button
      aria-checked="false"
      class="svelte-kyk9bz"
      role="switch"
    >
      <div
        class="svelte-kyk9bz"
      >
        59
      </div>
    </button>
    <button
      aria-checked="false"
      class="svelte-kyk9bz"
      role="switch"
    >
      <div
        class="svelte-kyk9bz"
      >
        75
      </div>
    </button>
    
    <button
      aria-checked="false"
      class="svelte-kyk9bz"
      role="switch"
    >
      <div
        class="svelte-kyk9bz"
      >
        9
      </div>
    </button>
    <button
      aria-checked="false"
      class="svelte-kyk9bz"
      role="switch"
    >
      <div
        class="svelte-kyk9bz"
      >
        28
      </div>
    </button>
    <button
      aria-checked="false"
      class="svelte-kyk9bz"
      role="switch"
    >
      <div
        class="svelte-kyk9bz"
      >
        free
      </div>
    </button>
    <button
      aria-checked="false"
      class="svelte-kyk9bz"
      role="switch"
    >
      <div
        class="svelte-kyk9bz"
      >
        56
      </div>
    </button>
    <button
      aria-checked="false"
      class="svelte-kyk9bz"
      role="switch"
    >
      <div
        class="svelte-kyk9bz"
      >
        66
      </div>
    </button>
    
    <button
      aria-checked="false"
      class="svelte-kyk9bz"
      role="switch"
    >
      <div
        class="svelte-kyk9bz"
      >
        2
      </div>
    </button>
    <button
      aria-checked="false"
      class="svelte-kyk9bz"
      role="switch"
    >
      <div
        class="svelte-kyk9bz"
      >
        23
      </div>
    </button>
    <button
      aria-checked="false"
      class="svelte-kyk9bz"
      role="switch"
    >
      <div
        class="svelte-kyk9bz"
      >
        33
      </div>
    </button>
    <button
      aria-checked="false"
      class="svelte-kyk9bz"
      role="switch"
    >
      <div
        class="svelte-kyk9bz"
      >
        55
      </div>
    </button>
    <button
      aria-checked="false"
      class="svelte-kyk9bz"
      role="switch"
    >
      <div
        class="svelte-kyk9bz"
      >
        70
      </div>
    </button>
    
    <button
      aria-checked="false"
      class="svelte-kyk9bz"
      role="switch"
    >
      <div
        class="svelte-kyk9bz"
      >
        4
      </div>
    </button>
    <button
      aria-checked="false"
      class="svelte-kyk9bz"
      role="switch"
    >
      <div
        class="svelte-kyk9bz"
      >
        19
      </div>
    </button>
    <button
      aria-checked="false"
      class="svelte-kyk9bz"
      role="switch"
    >
      <div
        class="svelte-kyk9bz"
      >
        45
      </div>
    </button>
    <button
      aria-checked="false"
      class="svelte-kyk9bz"
      role="switch"
    >
      <div
        class="svelte-kyk9bz"
      >
        53
      </div>
    </button>
    <button
      aria-checked="false"
      class="svelte-kyk9bz"
      role="switch"
    >
      <div
        class="svelte-kyk9bz"
      >
        68
      </div>
    </button>
    
     
    <div
      class="foot svelte-ayymqd"
    >
      54321
    </div>
  </div>,
]
`;

exports[`Cards > when loading > should display 4 cards 1`] = `
[
  <div
    class="card svelte-ayymqd"
    data-testid="card"
  >
    <div
      class="svelte-14jn1vn"
    >
      <span
        class="svelte-14jn1vn"
      >
        B
      </span>
    </div>
    <div
      class="svelte-14jn1vn"
    >
      <span
        class="svelte-14jn1vn"
      >
        I
      </span>
    </div>
    <div
      class="svelte-14jn1vn"
    >
      <span
        class="svelte-14jn1vn"
      >
        N
      </span>
    </div>
    <div
      class="svelte-14jn1vn"
    >
      <span
        class="svelte-14jn1vn"
      >
        G
      </span>
    </div>
    <div
      class="svelte-14jn1vn"
    >
      <span
        class="svelte-14jn1vn"
      >
        O
      </span>
    </div>
     
    <button
      aria-checked="false"
      class="svelte-kyk9bz"
      role="switch"
    >
      <div
        class="svelte-kyk9bz"
      >
        12
      </div>
    </button>
    <button
      aria-checked="false"
      class="svelte-kyk9bz"
      role="switch"
    >
      <div
        class="svelte-kyk9bz"
      >
        18
      </div>
    </button>
    <button
      aria-checked="false"
      class="svelte-kyk9bz"
      role="switch"
    >
      <div
        class="svelte-kyk9bz"
      >
        34
      </div>
    </button>
    <button
      aria-checked="false"
      class="svelte-kyk9bz"
      role="switch"
    >
      <div
        class="svelte-kyk9bz"
      >
        47
      </div>
    </button>
    <button
      aria-checked="false"
      class="svelte-kyk9bz"
      role="switch"
    >
      <div
        class="svelte-kyk9bz"
      >
        66
      </div>
    </button>
    
    <button
      aria-checked="false"
      class="svelte-kyk9bz"
      role="switch"
    >
      <div
        class="svelte-kyk9bz"
      >
        13
      </div>
    </button>
    <button
      aria-checked="false"
      class="svelte-kyk9bz"
      role="switch"
    >
      <div
        class="svelte-kyk9bz"
      >
        16
      </div>
    </button>
    <button
      aria-checked="false"
      class="svelte-kyk9bz"
      role="switch"
    >
      <div
        class="svelte-kyk9bz"
      >
        32
      </div>
    </button>
    <button
      aria-checked="false"
      class="svelte-kyk9bz"
      role="switch"
    >
      <div
        class="svelte-kyk9bz"
      >
        53
      </div>
    </button>
    <button
      aria-checked="false"
      class="svelte-kyk9bz"
      role="switch"
    >
      <div
        class="svelte-kyk9bz"
      >
        62
      </div>
    </button>
    
    <button
      aria-checked="false"
      class="svelte-kyk9bz"
      role="switch"
    >
      <div
        class="svelte-kyk9bz"
      >
        4
      </div>
    </button>
    <button
      aria-checked="false"
      class="svelte-kyk9bz"
      role="switch"
    >
      <div
        class="svelte-kyk9bz"
      >
        29
      </div>
    </button>
    <button
      aria-checked="false"
      class="svelte-kyk9bz"
      role="switch"
    >
      <div
        class="svelte-kyk9bz"
      >
        free
      </div>
    </button>
    <button
      aria-checked="false"
      class="svelte-kyk9bz"
      role="switch"
    >
      <div
        class="svelte-kyk9bz"
      >
        50
      </div>
    </button>
    <button
      aria-checked="false"
      class="svelte-kyk9bz"
      role="switch"
    >
      <div
        class="svelte-kyk9bz"
      >
        70
      </div>
    </button>
    
    <button
      aria-checked="false"
      class="svelte-kyk9bz"
      role="switch"
    >
      <div
        class="svelte-kyk9bz"
      >
        7
      </div>
    </button>
    <button
      aria-checked="false"
      class="svelte-kyk9bz"
      role="switch"
    >
      <div
        class="svelte-kyk9bz"
      >
        23
      </div>
    </button>
    <button
      aria-checked="false"
      class="svelte-kyk9bz"
      role="switch"
    >
      <div
        class="svelte-kyk9bz"
      >
        37
      </div>
    </button>
    <button
      aria-checked="false"
      class="svelte-kyk9bz"
      role="switch"
    >
      <div
        class="svelte-kyk9bz"
      >
        56
      </div>
    </button>
    <button
      aria-checked="false"
      class="svelte-kyk9bz"
      role="switch"
    >
      <div
        class="svelte-kyk9bz"
      >
        72
      </div>
    </button>
    
    <button
      aria-checked="false"
      class="svelte-kyk9bz"
      role="switch"
    >
      <div
        class="svelte-kyk9bz"
      >
        2
      </div>
    </button>
    <button
      aria-checked="false"
      class="svelte-kyk9bz"
      role="switch"
    >
      <div
        class="svelte-kyk9bz"
      >
        30
      </div>
    </button>
    <button
      aria-checked="false"
      class="svelte-kyk9bz"
      role="switch"
    >
      <div
        class="svelte-kyk9bz"
      >
        31
      </div>
    </button>
    <button
      aria-checked="false"
      class="svelte-kyk9bz"
      role="switch"
    >
      <div
        class="svelte-kyk9bz"
      >
        49
      </div>
    </button>
    <button
      aria-checked="false"
      class="svelte-kyk9bz"
      role="switch"
    >
      <div
        class="svelte-kyk9bz"
      >
        63
      </div>
    </button>
    
     
    <div
      class="foot svelte-ayymqd"
    >
      12345
    </div>
  </div>,
  <div
    class="card svelte-ayymqd"
    data-testid="card"
  >
    <div
      class="svelte-14jn1vn"
    >
      <span
        class="svelte-14jn1vn"
      >
        B
      </span>
    </div>
    <div
      class="svelte-14jn1vn"
    >
      <span
        class="svelte-14jn1vn"
      >
        I
      </span>
    </div>
    <div
      class="svelte-14jn1vn"
    >
      <span
        class="svelte-14jn1vn"
      >
        N
      </span>
    </div>
    <div
      class="svelte-14jn1vn"
    >
      <span
        class="svelte-14jn1vn"
      >
        G
      </span>
    </div>
    <div
      class="svelte-14jn1vn"
    >
      <span
        class="svelte-14jn1vn"
      >
        O
      </span>
    </div>
     
    <button
      aria-checked="false"
      class="svelte-kyk9bz"
      role="switch"
    >
      <div
        class="svelte-kyk9bz"
      >
        12
      </div>
    </button>
    <button
      aria-checked="false"
      class="svelte-kyk9bz"
      role="switch"
    >
      <div
        class="svelte-kyk9bz"
      >
        18
      </div>
    </button>
    <button
      aria-checked="false"
      class="svelte-kyk9bz"
      role="switch"
    >
      <div
        class="svelte-kyk9bz"
      >
        34
      </div>
    </button>
    <button
      aria-checked="false"
      class="svelte-kyk9bz"
      role="switch"
    >
      <div
        class="svelte-kyk9bz"
      >
        47
      </div>
    </button>
    <button
      aria-checked="false"
      class="svelte-kyk9bz"
      role="switch"
    >
      <div
        class="svelte-kyk9bz"
      >
        66
      </div>
    </button>
    
    <button
      aria-checked="false"
      class="svelte-kyk9bz"
      role="switch"
    >
      <div
        class="svelte-kyk9bz"
      >
        13
      </div>
    </button>
    <button
      aria-checked="false"
      class="svelte-kyk9bz"
      role="switch"
    >
      <div
        class="svelte-kyk9bz"
      >
        16
      </div>
    </button>
    <button
      aria-checked="false"
      class="svelte-kyk9bz"
      role="switch"
    >
      <div
        class="svelte-kyk9bz"
      >
        32
      </div>
    </button>
    <button
      aria-checked="false"
      class="svelte-kyk9bz"
      role="switch"
    >
      <div
        class="svelte-kyk9bz"
      >
        53
      </div>
    </button>
    <button
      aria-checked="false"
      class="svelte-kyk9bz"
      role="switch"
    >
      <div
        class="svelte-kyk9bz"
      >
        62
      </div>
    </button>
    
    <button
      aria-checked="false"
      class="svelte-kyk9bz"
      role="switch"
    >
      <div
        class="svelte-kyk9bz"
      >
        4
      </div>
    </button>
    <button
      aria-checked="false"
      class="svelte-kyk9bz"
      role="switch"
    >
      <div
        class="svelte-kyk9bz"
      >
        29
      </div>
    </button>
    <button
      aria-checked="false"
      class="svelte-kyk9bz"
      role="switch"
    >
      <div
        class="svelte-kyk9bz"
      >
        free
      </div>
    </button>
    <button
      aria-checked="false"
      class="svelte-kyk9bz"
      role="switch"
    >
      <div
        class="svelte-kyk9bz"
      >
        50
      </div>
    </button>
    <button
      aria-checked="false"
      class="svelte-kyk9bz"
      role="switch"
    >
      <div
        class="svelte-kyk9bz"
      >
        70
      </div>
    </button>
    
    <button
      aria-checked="false"
      class="svelte-kyk9bz"
      role="switch"
    >
      <div
        class="svelte-kyk9bz"
      >
        7
      </div>
    </button>
    <button
      aria-checked="false"
      class="svelte-kyk9bz"
      role="switch"
    >
      <div
        class="svelte-kyk9bz"
      >
        23
      </div>
    </button>
    <button
      aria-checked="false"
      class="svelte-kyk9bz"
      role="switch"
    >
      <div
        class="svelte-kyk9bz"
      >
        37
      </div>
    </button>
    <button
      aria-checked="false"
      class="svelte-kyk9bz"
      role="switch"
    >
      <div
        class="svelte-kyk9bz"
      >
        56
      </div>
    </button>
    <button
      aria-checked="false"
      class="svelte-kyk9bz"
      role="switch"
    >
      <div
        class="svelte-kyk9bz"
      >
        72
      </div>
    </button>
    
    <button
      aria-checked="false"
      class="svelte-kyk9bz"
      role="switch"
    >
      <div
        class="svelte-kyk9bz"
      >
        2
      </div>
    </button>
    <button
      aria-checked="false"
      class="svelte-kyk9bz"
      role="switch"
    >
      <div
        class="svelte-kyk9bz"
      >
        30
      </div>
    </button>
    <button
      aria-checked="false"
      class="svelte-kyk9bz"
      role="switch"
    >
      <div
        class="svelte-kyk9bz"
      >
        31
      </div>
    </button>
    <button
      aria-checked="false"
      class="svelte-kyk9bz"
      role="switch"
    >
      <div
        class="svelte-kyk9bz"
      >
        49
      </div>
    </button>
    <button
      aria-checked="false"
      class="svelte-kyk9bz"
      role="switch"
    >
      <div
        class="svelte-kyk9bz"
      >
        63
      </div>
    </button>
    
     
    <div
      class="foot svelte-ayymqd"
    >
      12345
    </div>
  </div>,
  <div
    class="card svelte-ayymqd"
    data-testid="card"
  >
    <div
      class="svelte-14jn1vn"
    >
      <span
        class="svelte-14jn1vn"
      >
        B
      </span>
    </div>
    <div
      class="svelte-14jn1vn"
    >
      <span
        class="svelte-14jn1vn"
      >
        I
      </span>
    </div>
    <div
      class="svelte-14jn1vn"
    >
      <span
        class="svelte-14jn1vn"
      >
        N
      </span>
    </div>
    <div
      class="svelte-14jn1vn"
    >
      <span
        class="svelte-14jn1vn"
      >
        G
      </span>
    </div>
    <div
      class="svelte-14jn1vn"
    >
      <span
        class="svelte-14jn1vn"
      >
        O
      </span>
    </div>
     
    <button
      aria-checked="false"
      class="svelte-kyk9bz"
      role="switch"
    >
      <div
        class="svelte-kyk9bz"
      >
        12
      </div>
    </button>
    <button
      aria-checked="false"
      class="svelte-kyk9bz"
      role="switch"
    >
      <div
        class="svelte-kyk9bz"
      >
        18
      </div>
    </button>
    <button
      aria-checked="false"
      class="svelte-kyk9bz"
      role="switch"
    >
      <div
        class="svelte-kyk9bz"
      >
        34
      </div>
    </button>
    <button
      aria-checked="false"
      class="svelte-kyk9bz"
      role="switch"
    >
      <div
        class="svelte-kyk9bz"
      >
        47
      </div>
    </button>
    <button
      aria-checked="false"
      class="svelte-kyk9bz"
      role="switch"
    >
      <div
        class="svelte-kyk9bz"
      >
        66
      </div>
    </button>
    
    <button
      aria-checked="false"
      class="svelte-kyk9bz"
      role="switch"
    >
      <div
        class="svelte-kyk9bz"
      >
        13
      </div>
    </button>
    <button
      aria-checked="false"
      class="svelte-kyk9bz"
      role="switch"
    >
      <div
        class="svelte-kyk9bz"
      >
        16
      </div>
    </button>
    <button
      aria-checked="false"
      class="svelte-kyk9bz"
      role="switch"
    >
      <div
        class="svelte-kyk9bz"
      >
        32
      </div>
    </button>
    <button
      aria-checked="false"
      class="svelte-kyk9bz"
      role="switch"
    >
      <div
        class="svelte-kyk9bz"
      >
        53
      </div>
    </button>
    <button
      aria-checked="false"
      class="svelte-kyk9bz"
      role="switch"
    >
      <div
        class="svelte-kyk9bz"
      >
        62
      </div>
    </button>
    
    <button
      aria-checked="false"
      class="svelte-kyk9bz"
      role="switch"
    >
      <div
        class="svelte-kyk9bz"
      >
        4
      </div>
    </button>
    <button
      aria-checked="false"
      class="svelte-kyk9bz"
      role="switch"
    >
      <div
        class="svelte-kyk9bz"
      >
        29
      </div>
    </button>
    <button
      aria-checked="false"
      class="svelte-kyk9bz"
      role="switch"
    >
      <div
        class="svelte-kyk9bz"
      >
        free
      </div>
    </button>
    <button
      aria-checked="false"
      class="svelte-kyk9bz"
      role="switch"
    >
      <div
        class="svelte-kyk9bz"
      >
        50
      </div>
    </button>
    <button
      aria-checked="false"
      class="svelte-kyk9bz"
      role="switch"
    >
      <div
        class="svelte-kyk9bz"
      >
        70
      </div>
    </button>
    
    <button
      aria-checked="false"
      class="svelte-kyk9bz"
      role="switch"
    >
      <div
        class="svelte-kyk9bz"
      >
        7
      </div>
    </button>
    <button
      aria-checked="false"
      class="svelte-kyk9bz"
      role="switch"
    >
      <div
        class="svelte-kyk9bz"
      >
        23
      </div>
    </button>
    <button
      aria-checked="false"
      class="svelte-kyk9bz"
      role="switch"
    >
      <div
        class="svelte-kyk9bz"
      >
        37
      </div>
    </button>
    <button
      aria-checked="false"
      class="svelte-kyk9bz"
      role="switch"
    >
      <div
        class="svelte-kyk9bz"
      >
        56
      </div>
    </button>
    <button
      aria-checked="false"
      class="svelte-kyk9bz"
      role="switch"
    >
      <div
        class="svelte-kyk9bz"
      >
        72
      </div>
    </button>
    
    <button
      aria-checked="false"
      class="svelte-kyk9bz"
      role="switch"
    >
      <div
        class="svelte-kyk9bz"
      >
        2
      </div>
    </button>
    <button
      aria-checked="false"
      class="svelte-kyk9bz"
      role="switch"
    >
      <div
        class="svelte-kyk9bz"
      >
        30
      </div>
    </button>
    <button
      aria-checked="false"
      class="svelte-kyk9bz"
      role="switch"
    >
      <div
        class="svelte-kyk9bz"
      >
        31
      </div>
    </button>
    <button
      aria-checked="false"
      class="svelte-kyk9bz"
      role="switch"
    >
      <div
        class="svelte-kyk9bz"
      >
        49
      </div>
    </button>
    <button
      aria-checked="false"
      class="svelte-kyk9bz"
      role="switch"
    >
      <div
        class="svelte-kyk9bz"
      >
        63
      </div>
    </button>
    
     
    <div
      class="foot svelte-ayymqd"
    >
      12345
    </div>
  </div>,
  <div
    class="card svelte-ayymqd"
    data-testid="card"
  >
    <div
      class="svelte-14jn1vn"
    >
      <span
        class="svelte-14jn1vn"
      >
        B
      </span>
    </div>
    <div
      class="svelte-14jn1vn"
    >
      <span
        class="svelte-14jn1vn"
      >
        I
      </span>
    </div>
    <div
      class="svelte-14jn1vn"
    >
      <span
        class="svelte-14jn1vn"
      >
        N
      </span>
    </div>
    <div
      class="svelte-14jn1vn"
    >
      <span
        class="svelte-14jn1vn"
      >
        G
      </span>
    </div>
    <div
      class="svelte-14jn1vn"
    >
      <span
        class="svelte-14jn1vn"
      >
        O
      </span>
    </div>
     
    <button
      aria-checked="false"
      class="svelte-kyk9bz"
      role="switch"
    >
      <div
        class="svelte-kyk9bz"
      >
        12
      </div>
    </button>
    <button
      aria-checked="false"
      class="svelte-kyk9bz"
      role="switch"
    >
      <div
        class="svelte-kyk9bz"
      >
        18
      </div>
    </button>
    <button
      aria-checked="false"
      class="svelte-kyk9bz"
      role="switch"
    >
      <div
        class="svelte-kyk9bz"
      >
        34
      </div>
    </button>
    <button
      aria-checked="false"
      class="svelte-kyk9bz"
      role="switch"
    >
      <div
        class="svelte-kyk9bz"
      >
        47
      </div>
    </button>
    <button
      aria-checked="false"
      class="svelte-kyk9bz"
      role="switch"
    >
      <div
        class="svelte-kyk9bz"
      >
        66
      </div>
    </button>
    
    <button
      aria-checked="false"
      class="svelte-kyk9bz"
      role="switch"
    >
      <div
        class="svelte-kyk9bz"
      >
        13
      </div>
    </button>
    <button
      aria-checked="false"
      class="svelte-kyk9bz"
      role="switch"
    >
      <div
        class="svelte-kyk9bz"
      >
        16
      </div>
    </button>
    <button
      aria-checked="false"
      class="svelte-kyk9bz"
      role="switch"
    >
      <div
        class="svelte-kyk9bz"
      >
        32
      </div>
    </button>
    <button
      aria-checked="false"
      class="svelte-kyk9bz"
      role="switch"
    >
      <div
        class="svelte-kyk9bz"
      >
        53
      </div>
    </button>
    <button
      aria-checked="false"
      class="svelte-kyk9bz"
      role="switch"
    >
      <div
        class="svelte-kyk9bz"
      >
        62
      </div>
    </button>
    
    <button
      aria-checked="false"
      class="svelte-kyk9bz"
      role="switch"
    >
      <div
        class="svelte-kyk9bz"
      >
        4
      </div>
    </button>
    <button
      aria-checked="false"
      class="svelte-kyk9bz"
      role="switch"
    >
      <div
        class="svelte-kyk9bz"
      >
        29
      </div>
    </button>
    <button
      aria-checked="false"
      class="svelte-kyk9bz"
      role="switch"
    >
      <div
        class="svelte-kyk9bz"
      >
        free
      </div>
    </button>
    <button
      aria-checked="false"
      class="svelte-kyk9bz"
      role="switch"
    >
      <div
        class="svelte-kyk9bz"
      >
        50
      </div>
    </button>
    <button
      aria-checked="false"
      class="svelte-kyk9bz"
      role="switch"
    >
      <div
        class="svelte-kyk9bz"
      >
        70
      </div>
    </button>
    
    <button
      aria-checked="false"
      class="svelte-kyk9bz"
      role="switch"
    >
      <div
        class="svelte-kyk9bz"
      >
        7
      </div>
    </button>
    <button
      aria-checked="false"
      class="svelte-kyk9bz"
      role="switch"
    >
      <div
        class="svelte-kyk9bz"
      >
        23
      </div>
    </button>
    <button
      aria-checked="false"
      class="svelte-kyk9bz"
      role="switch"
    >
      <div
        class="svelte-kyk9bz"
      >
        37
      </div>
    </button>
    <button
      aria-checked="false"
      class="svelte-kyk9bz"
      role="switch"
    >
      <div
        class="svelte-kyk9bz"
      >
        56
      </div>
    </button>
    <button
      aria-checked="false"
      class="svelte-kyk9bz"
      role="switch"
    >
      <div
        class="svelte-kyk9bz"
      >
        72
      </div>
    </button>
    
    <button
      aria-checked="false"
      class="svelte-kyk9bz"
      role="switch"
    >
      <div
        class="svelte-kyk9bz"
      >
        2
      </div>
    </button>
    <button
      aria-checked="false"
      class="svelte-kyk9bz"
      role="switch"
    >
      <div
        class="svelte-kyk9bz"
      >
        30
      </div>
    </button>
    <button
      aria-checked="false"
      class="svelte-kyk9bz"
      role="switch"
    >
      <div
        class="svelte-kyk9bz"
      >
        31
      </div>
    </button>
    <button
      aria-checked="false"
      class="svelte-kyk9bz"
      role="switch"
    >
      <div
        class="svelte-kyk9bz"
      >
        49
      </div>
    </button>
    <button
      aria-checked="false"
      class="svelte-kyk9bz"
      role="switch"
    >
      <div
        class="svelte-kyk9bz"
      >
        63
      </div>
    </button>
    
     
    <div
      class="foot svelte-ayymqd"
    >
      12345
    </div>
  </div>,
]
`;
