// Vitest Snapshot v1, https://vitest.dev/guide/snapshot.html

exports[`Cards > when generate button is clicked > should generate new set of cards 1`] = `
[
  <div
    class="card svelte-Card"
    data-testid="card"
  >
    <div
      class="svelte-Letter"
    >
      <span
        class="svelte-Letter"
      >
        B
      </span>
    </div>
    <div
      class="svelte-Letter"
    >
      <span
        class="svelte-Letter"
      >
        I
      </span>
    </div>
    <div
      class="svelte-Letter"
    >
      <span
        class="svelte-Letter"
      >
        N
      </span>
    </div>
    <div
      class="svelte-Letter"
    >
      <span
        class="svelte-Letter"
      >
        G
      </span>
    </div>
    <div
      class="svelte-Letter"
    >
      <span
        class="svelte-Letter"
      >
        O
      </span>
    </div>
    <!---->
     
    <!---->
    <button
      aria-checked="false"
      class="svelte-Ball"
      role="switch"
    >
      <div
        class="svelte-Ball"
      >
        7
        <!---->
      </div>
    </button>
    <button
      aria-checked="false"
      class="svelte-Ball"
      role="switch"
    >
      <div
        class="svelte-Ball"
      >
        24
        <!---->
      </div>
    </button>
    <button
      aria-checked="false"
      class="svelte-Ball"
      role="switch"
    >
      <div
        class="svelte-Ball"
      >
        39
        <!---->
      </div>
    </button>
    <button
      aria-checked="false"
      class="svelte-Ball"
      role="switch"
    >
      <div
        class="svelte-Ball"
      >
        52
        <!---->
      </div>
    </button>
    <button
      aria-checked="false"
      class="svelte-Ball"
      role="switch"
    >
      <div
        class="svelte-Ball"
      >
        67
        <!---->
      </div>
    </button>
    
    <!---->
    <button
      aria-checked="false"
      class="svelte-Ball"
      role="switch"
    >
      <div
        class="svelte-Ball"
      >
        14
        <!---->
      </div>
    </button>
    <button
      aria-checked="false"
      class="svelte-Ball"
      role="switch"
    >
      <div
        class="svelte-Ball"
      >
        29
        <!---->
      </div>
    </button>
    <button
      aria-checked="false"
      class="svelte-Ball"
      role="switch"
    >
      <div
        class="svelte-Ball"
      >
        32
        <!---->
      </div>
    </button>
    <button
      aria-checked="false"
      class="svelte-Ball"
      role="switch"
    >
      <div
        class="svelte-Ball"
      >
        59
        <!---->
      </div>
    </button>
    <button
      aria-checked="false"
      class="svelte-Ball"
      role="switch"
    >
      <div
        class="svelte-Ball"
      >
        75
        <!---->
      </div>
    </button>
    
    <!---->
    <button
      aria-checked="false"
      class="svelte-Ball"
      role="switch"
    >
      <div
        class="svelte-Ball"
      >
        9
        <!---->
      </div>
    </button>
    <button
      aria-checked="false"
      class="svelte-Ball"
      role="switch"
    >
      <div
        class="svelte-Ball"
      >
        28
        <!---->
      </div>
    </button>
    <button
      aria-checked="false"
      class="svelte-Ball"
      role="switch"
    >
      <div
        class="svelte-Ball"
      >
        free
        <!---->
      </div>
    </button>
    <button
      aria-checked="false"
      class="svelte-Ball"
      role="switch"
    >
      <div
        class="svelte-Ball"
      >
        56
        <!---->
      </div>
    </button>
    <button
      aria-checked="false"
      class="svelte-Ball"
      role="switch"
    >
      <div
        class="svelte-Ball"
      >
        66
        <!---->
      </div>
    </button>
    
    <!---->
    <button
      aria-checked="false"
      class="svelte-Ball"
      role="switch"
    >
      <div
        class="svelte-Ball"
      >
        2
        <!---->
      </div>
    </button>
    <button
      aria-checked="false"
      class="svelte-Ball"
      role="switch"
    >
      <div
        class="svelte-Ball"
      >
        23
        <!---->
      </div>
    </button>
    <button
      aria-checked="false"
      class="svelte-Ball"
      role="switch"
    >
      <div
        class="svelte-Ball"
      >
        33
        <!---->
      </div>
    </button>
    <button
      aria-checked="false"
      class="svelte-Ball"
      role="switch"
    >
      <div
        class="svelte-Ball"
      >
        55
        <!---->
      </div>
    </button>
    <button
      aria-checked="false"
      class="svelte-Ball"
      role="switch"
    >
      <div
        class="svelte-Ball"
      >
        70
        <!---->
      </div>
    </button>
    
    <!---->
    <button
      aria-checked="false"
      class="svelte-Ball"
      role="switch"
    >
      <div
        class="svelte-Ball"
      >
        4
        <!---->
      </div>
    </button>
    <button
      aria-checked="false"
      class="svelte-Ball"
      role="switch"
    >
      <div
        class="svelte-Ball"
      >
        19
        <!---->
      </div>
    </button>
    <button
      aria-checked="false"
      class="svelte-Ball"
      role="switch"
    >
      <div
        class="svelte-Ball"
      >
        45
        <!---->
      </div>
    </button>
    <button
      aria-checked="false"
      class="svelte-Ball"
      role="switch"
    >
      <div
        class="svelte-Ball"
      >
        53
        <!---->
      </div>
    </button>
    <button
      aria-checked="false"
      class="svelte-Ball"
      role="switch"
    >
      <div
        class="svelte-Ball"
      >
        68
        <!---->
      </div>
    </button>
    
    <!---->
     
    <div
      class="foot svelte-Card"
    >
      54321
    </div>
  </div>,
  <div
    class="card svelte-Card"
    data-testid="card"
  >
    <div
      class="svelte-Letter"
    >
      <span
        class="svelte-Letter"
      >
        B
      </span>
    </div>
    <div
      class="svelte-Letter"
    >
      <span
        class="svelte-Letter"
      >
        I
      </span>
    </div>
    <div
      class="svelte-Letter"
    >
      <span
        class="svelte-Letter"
      >
        N
      </span>
    </div>
    <div
      class="svelte-Letter"
    >
      <span
        class="svelte-Letter"
      >
        G
      </span>
    </div>
    <div
      class="svelte-Letter"
    >
      <span
        class="svelte-Letter"
      >
        O
      </span>
    </div>
    <!---->
     
    <!---->
    <button
      aria-checked="false"
      class="svelte-Ball"
      role="switch"
    >
      <div
        class="svelte-Ball"
      >
        7
        <!---->
      </div>
    </button>
    <button
      aria-checked="false"
      class="svelte-Ball"
      role="switch"
    >
      <div
        class="svelte-Ball"
      >
        24
        <!---->
      </div>
    </button>
    <button
      aria-checked="false"
      class="svelte-Ball"
      role="switch"
    >
      <div
        class="svelte-Ball"
      >
        39
        <!---->
      </div>
    </button>
    <button
      aria-checked="false"
      class="svelte-Ball"
      role="switch"
    >
      <div
        class="svelte-Ball"
      >
        52
        <!---->
      </div>
    </button>
    <button
      aria-checked="false"
      class="svelte-Ball"
      role="switch"
    >
      <div
        class="svelte-Ball"
      >
        67
        <!---->
      </div>
    </button>
    
    <!---->
    <button
      aria-checked="false"
      class="svelte-Ball"
      role="switch"
    >
      <div
        class="svelte-Ball"
      >
        14
        <!---->
      </div>
    </button>
    <button
      aria-checked="false"
      class="svelte-Ball"
      role="switch"
    >
      <div
        class="svelte-Ball"
      >
        29
        <!---->
      </div>
    </button>
    <button
      aria-checked="false"
      class="svelte-Ball"
      role="switch"
    >
      <div
        class="svelte-Ball"
      >
        32
        <!---->
      </div>
    </button>
    <button
      aria-checked="false"
      class="svelte-Ball"
      role="switch"
    >
      <div
        class="svelte-Ball"
      >
        59
        <!---->
      </div>
    </button>
    <button
      aria-checked="false"
      class="svelte-Ball"
      role="switch"
    >
      <div
        class="svelte-Ball"
      >
        75
        <!---->
      </div>
    </button>
    
    <!---->
    <button
      aria-checked="false"
      class="svelte-Ball"
      role="switch"
    >
      <div
        class="svelte-Ball"
      >
        9
        <!---->
      </div>
    </button>
    <button
      aria-checked="false"
      class="svelte-Ball"
      role="switch"
    >
      <div
        class="svelte-Ball"
      >
        28
        <!---->
      </div>
    </button>
    <button
      aria-checked="false"
      class="svelte-Ball"
      role="switch"
    >
      <div
        class="svelte-Ball"
      >
        free
        <!---->
      </div>
    </button>
    <button
      aria-checked="false"
      class="svelte-Ball"
      role="switch"
    >
      <div
        class="svelte-Ball"
      >
        56
        <!---->
      </div>
    </button>
    <button
      aria-checked="false"
      class="svelte-Ball"
      role="switch"
    >
      <div
        class="svelte-Ball"
      >
        66
        <!---->
      </div>
    </button>
    
    <!---->
    <button
      aria-checked="false"
      class="svelte-Ball"
      role="switch"
    >
      <div
        class="svelte-Ball"
      >
        2
        <!---->
      </div>
    </button>
    <button
      aria-checked="false"
      class="svelte-Ball"
      role="switch"
    >
      <div
        class="svelte-Ball"
      >
        23
        <!---->
      </div>
    </button>
    <button
      aria-checked="false"
      class="svelte-Ball"
      role="switch"
    >
      <div
        class="svelte-Ball"
      >
        33
        <!---->
      </div>
    </button>
    <button
      aria-checked="false"
      class="svelte-Ball"
      role="switch"
    >
      <div
        class="svelte-Ball"
      >
        55
        <!---->
      </div>
    </button>
    <button
      aria-checked="false"
      class="svelte-Ball"
      role="switch"
    >
      <div
        class="svelte-Ball"
      >
        70
        <!---->
      </div>
    </button>
    
    <!---->
    <button
      aria-checked="false"
      class="svelte-Ball"
      role="switch"
    >
      <div
        class="svelte-Ball"
      >
        4
        <!---->
      </div>
    </button>
    <button
      aria-checked="false"
      class="svelte-Ball"
      role="switch"
    >
      <div
        class="svelte-Ball"
      >
        19
        <!---->
      </div>
    </button>
    <button
      aria-checked="false"
      class="svelte-Ball"
      role="switch"
    >
      <div
        class="svelte-Ball"
      >
        45
        <!---->
      </div>
    </button>
    <button
      aria-checked="false"
      class="svelte-Ball"
      role="switch"
    >
      <div
        class="svelte-Ball"
      >
        53
        <!---->
      </div>
    </button>
    <button
      aria-checked="false"
      class="svelte-Ball"
      role="switch"
    >
      <div
        class="svelte-Ball"
      >
        68
        <!---->
      </div>
    </button>
    
    <!---->
     
    <div
      class="foot svelte-Card"
    >
      54321
    </div>
  </div>,
  <div
    class="card svelte-Card"
    data-testid="card"
  >
    <div
      class="svelte-Letter"
    >
      <span
        class="svelte-Letter"
      >
        B
      </span>
    </div>
    <div
      class="svelte-Letter"
    >
      <span
        class="svelte-Letter"
      >
        I
      </span>
    </div>
    <div
      class="svelte-Letter"
    >
      <span
        class="svelte-Letter"
      >
        N
      </span>
    </div>
    <div
      class="svelte-Letter"
    >
      <span
        class="svelte-Letter"
      >
        G
      </span>
    </div>
    <div
      class="svelte-Letter"
    >
      <span
        class="svelte-Letter"
      >
        O
      </span>
    </div>
    <!---->
     
    <!---->
    <button
      aria-checked="false"
      class="svelte-Ball"
      role="switch"
    >
      <div
        class="svelte-Ball"
      >
        7
        <!---->
      </div>
    </button>
    <button
      aria-checked="false"
      class="svelte-Ball"
      role="switch"
    >
      <div
        class="svelte-Ball"
      >
        24
        <!---->
      </div>
    </button>
    <button
      aria-checked="false"
      class="svelte-Ball"
      role="switch"
    >
      <div
        class="svelte-Ball"
      >
        39
        <!---->
      </div>
    </button>
    <button
      aria-checked="false"
      class="svelte-Ball"
      role="switch"
    >
      <div
        class="svelte-Ball"
      >
        52
        <!---->
      </div>
    </button>
    <button
      aria-checked="false"
      class="svelte-Ball"
      role="switch"
    >
      <div
        class="svelte-Ball"
      >
        67
        <!---->
      </div>
    </button>
    
    <!---->
    <button
      aria-checked="false"
      class="svelte-Ball"
      role="switch"
    >
      <div
        class="svelte-Ball"
      >
        14
        <!---->
      </div>
    </button>
    <button
      aria-checked="false"
      class="svelte-Ball"
      role="switch"
    >
      <div
        class="svelte-Ball"
      >
        29
        <!---->
      </div>
    </button>
    <button
      aria-checked="false"
      class="svelte-Ball"
      role="switch"
    >
      <div
        class="svelte-Ball"
      >
        32
        <!---->
      </div>
    </button>
    <button
      aria-checked="false"
      class="svelte-Ball"
      role="switch"
    >
      <div
        class="svelte-Ball"
      >
        59
        <!---->
      </div>
    </button>
    <button
      aria-checked="false"
      class="svelte-Ball"
      role="switch"
    >
      <div
        class="svelte-Ball"
      >
        75
        <!---->
      </div>
    </button>
    
    <!---->
    <button
      aria-checked="false"
      class="svelte-Ball"
      role="switch"
    >
      <div
        class="svelte-Ball"
      >
        9
        <!---->
      </div>
    </button>
    <button
      aria-checked="false"
      class="svelte-Ball"
      role="switch"
    >
      <div
        class="svelte-Ball"
      >
        28
        <!---->
      </div>
    </button>
    <button
      aria-checked="false"
      class="svelte-Ball"
      role="switch"
    >
      <div
        class="svelte-Ball"
      >
        free
        <!---->
      </div>
    </button>
    <button
      aria-checked="false"
      class="svelte-Ball"
      role="switch"
    >
      <div
        class="svelte-Ball"
      >
        56
        <!---->
      </div>
    </button>
    <button
      aria-checked="false"
      class="svelte-Ball"
      role="switch"
    >
      <div
        class="svelte-Ball"
      >
        66
        <!---->
      </div>
    </button>
    
    <!---->
    <button
      aria-checked="false"
      class="svelte-Ball"
      role="switch"
    >
      <div
        class="svelte-Ball"
      >
        2
        <!---->
      </div>
    </button>
    <button
      aria-checked="false"
      class="svelte-Ball"
      role="switch"
    >
      <div
        class="svelte-Ball"
      >
        23
        <!---->
      </div>
    </button>
    <button
      aria-checked="false"
      class="svelte-Ball"
      role="switch"
    >
      <div
        class="svelte-Ball"
      >
        33
        <!---->
      </div>
    </button>
    <button
      aria-checked="false"
      class="svelte-Ball"
      role="switch"
    >
      <div
        class="svelte-Ball"
      >
        55
        <!---->
      </div>
    </button>
    <button
      aria-checked="false"
      class="svelte-Ball"
      role="switch"
    >
      <div
        class="svelte-Ball"
      >
        70
        <!---->
      </div>
    </button>
    
    <!---->
    <button
      aria-checked="false"
      class="svelte-Ball"
      role="switch"
    >
      <div
        class="svelte-Ball"
      >
        4
        <!---->
      </div>
    </button>
    <button
      aria-checked="false"
      class="svelte-Ball"
      role="switch"
    >
      <div
        class="svelte-Ball"
      >
        19
        <!---->
      </div>
    </button>
    <button
      aria-checked="false"
      class="svelte-Ball"
      role="switch"
    >
      <div
        class="svelte-Ball"
      >
        45
        <!---->
      </div>
    </button>
    <button
      aria-checked="false"
      class="svelte-Ball"
      role="switch"
    >
      <div
        class="svelte-Ball"
      >
        53
        <!---->
      </div>
    </button>
    <button
      aria-checked="false"
      class="svelte-Ball"
      role="switch"
    >
      <div
        class="svelte-Ball"
      >
        68
        <!---->
      </div>
    </button>
    
    <!---->
     
    <div
      class="foot svelte-Card"
    >
      54321
    </div>
  </div>,
  <div
    class="card svelte-Card"
    data-testid="card"
  >
    <div
      class="svelte-Letter"
    >
      <span
        class="svelte-Letter"
      >
        B
      </span>
    </div>
    <div
      class="svelte-Letter"
    >
      <span
        class="svelte-Letter"
      >
        I
      </span>
    </div>
    <div
      class="svelte-Letter"
    >
      <span
        class="svelte-Letter"
      >
        N
      </span>
    </div>
    <div
      class="svelte-Letter"
    >
      <span
        class="svelte-Letter"
      >
        G
      </span>
    </div>
    <div
      class="svelte-Letter"
    >
      <span
        class="svelte-Letter"
      >
        O
      </span>
    </div>
    <!---->
     
    <!---->
    <button
      aria-checked="false"
      class="svelte-Ball"
      role="switch"
    >
      <div
        class="svelte-Ball"
      >
        7
        <!---->
      </div>
    </button>
    <button
      aria-checked="false"
      class="svelte-Ball"
      role="switch"
    >
      <div
        class="svelte-Ball"
      >
        24
        <!---->
      </div>
    </button>
    <button
      aria-checked="false"
      class="svelte-Ball"
      role="switch"
    >
      <div
        class="svelte-Ball"
      >
        39
        <!---->
      </div>
    </button>
    <button
      aria-checked="false"
      class="svelte-Ball"
      role="switch"
    >
      <div
        class="svelte-Ball"
      >
        52
        <!---->
      </div>
    </button>
    <button
      aria-checked="false"
      class="svelte-Ball"
      role="switch"
    >
      <div
        class="svelte-Ball"
      >
        67
        <!---->
      </div>
    </button>
    
    <!---->
    <button
      aria-checked="false"
      class="svelte-Ball"
      role="switch"
    >
      <div
        class="svelte-Ball"
      >
        14
        <!---->
      </div>
    </button>
    <button
      aria-checked="false"
      class="svelte-Ball"
      role="switch"
    >
      <div
        class="svelte-Ball"
      >
        29
        <!---->
      </div>
    </button>
    <button
      aria-checked="false"
      class="svelte-Ball"
      role="switch"
    >
      <div
        class="svelte-Ball"
      >
        32
        <!---->
      </div>
    </button>
    <button
      aria-checked="false"
      class="svelte-Ball"
      role="switch"
    >
      <div
        class="svelte-Ball"
      >
        59
        <!---->
      </div>
    </button>
    <button
      aria-checked="false"
      class="svelte-Ball"
      role="switch"
    >
      <div
        class="svelte-Ball"
      >
        75
        <!---->
      </div>
    </button>
    
    <!---->
    <button
      aria-checked="false"
      class="svelte-Ball"
      role="switch"
    >
      <div
        class="svelte-Ball"
      >
        9
        <!---->
      </div>
    </button>
    <button
      aria-checked="false"
      class="svelte-Ball"
      role="switch"
    >
      <div
        class="svelte-Ball"
      >
        28
        <!---->
      </div>
    </button>
    <button
      aria-checked="false"
      class="svelte-Ball"
      role="switch"
    >
      <div
        class="svelte-Ball"
      >
        free
        <!---->
      </div>
    </button>
    <button
      aria-checked="false"
      class="svelte-Ball"
      role="switch"
    >
      <div
        class="svelte-Ball"
      >
        56
        <!---->
      </div>
    </button>
    <button
      aria-checked="false"
      class="svelte-Ball"
      role="switch"
    >
      <div
        class="svelte-Ball"
      >
        66
        <!---->
      </div>
    </button>
    
    <!---->
    <button
      aria-checked="false"
      class="svelte-Ball"
      role="switch"
    >
      <div
        class="svelte-Ball"
      >
        2
        <!---->
      </div>
    </button>
    <button
      aria-checked="false"
      class="svelte-Ball"
      role="switch"
    >
      <div
        class="svelte-Ball"
      >
        23
        <!---->
      </div>
    </button>
    <button
      aria-checked="false"
      class="svelte-Ball"
      role="switch"
    >
      <div
        class="svelte-Ball"
      >
        33
        <!---->
      </div>
    </button>
    <button
      aria-checked="false"
      class="svelte-Ball"
      role="switch"
    >
      <div
        class="svelte-Ball"
      >
        55
        <!---->
      </div>
    </button>
    <button
      aria-checked="false"
      class="svelte-Ball"
      role="switch"
    >
      <div
        class="svelte-Ball"
      >
        70
        <!---->
      </div>
    </button>
    
    <!---->
    <button
      aria-checked="false"
      class="svelte-Ball"
      role="switch"
    >
      <div
        class="svelte-Ball"
      >
        4
        <!---->
      </div>
    </button>
    <button
      aria-checked="false"
      class="svelte-Ball"
      role="switch"
    >
      <div
        class="svelte-Ball"
      >
        19
        <!---->
      </div>
    </button>
    <button
      aria-checked="false"
      class="svelte-Ball"
      role="switch"
    >
      <div
        class="svelte-Ball"
      >
        45
        <!---->
      </div>
    </button>
    <button
      aria-checked="false"
      class="svelte-Ball"
      role="switch"
    >
      <div
        class="svelte-Ball"
      >
        53
        <!---->
      </div>
    </button>
    <button
      aria-checked="false"
      class="svelte-Ball"
      role="switch"
    >
      <div
        class="svelte-Ball"
      >
        68
        <!---->
      </div>
    </button>
    
    <!---->
     
    <div
      class="foot svelte-Card"
    >
      54321
    </div>
  </div>,
]
`;

exports[`Cards > when loading > should display 4 cards 1`] = `
[
  <div
    class="card svelte-Card"
    data-testid="card"
  >
    <div
      class="svelte-Letter"
    >
      <span
        class="svelte-Letter"
      >
        B
      </span>
    </div>
    <div
      class="svelte-Letter"
    >
      <span
        class="svelte-Letter"
      >
        I
      </span>
    </div>
    <div
      class="svelte-Letter"
    >
      <span
        class="svelte-Letter"
      >
        N
      </span>
    </div>
    <div
      class="svelte-Letter"
    >
      <span
        class="svelte-Letter"
      >
        G
      </span>
    </div>
    <div
      class="svelte-Letter"
    >
      <span
        class="svelte-Letter"
      >
        O
      </span>
    </div>
    <!---->
     
    <!---->
    <button
      aria-checked="false"
      class="svelte-Ball"
      role="switch"
    >
      <div
        class="svelte-Ball"
      >
        12
        <!---->
      </div>
    </button>
    <button
      aria-checked="false"
      class="svelte-Ball"
      role="switch"
    >
      <div
        class="svelte-Ball"
      >
        18
        <!---->
      </div>
    </button>
    <button
      aria-checked="false"
      class="svelte-Ball"
      role="switch"
    >
      <div
        class="svelte-Ball"
      >
        34
        <!---->
      </div>
    </button>
    <button
      aria-checked="false"
      class="svelte-Ball"
      role="switch"
    >
      <div
        class="svelte-Ball"
      >
        47
        <!---->
      </div>
    </button>
    <button
      aria-checked="false"
      class="svelte-Ball"
      role="switch"
    >
      <div
        class="svelte-Ball"
      >
        66
        <!---->
      </div>
    </button>
    
    <!---->
    <button
      aria-checked="false"
      class="svelte-Ball"
      role="switch"
    >
      <div
        class="svelte-Ball"
      >
        13
        <!---->
      </div>
    </button>
    <button
      aria-checked="false"
      class="svelte-Ball"
      role="switch"
    >
      <div
        class="svelte-Ball"
      >
        16
        <!---->
      </div>
    </button>
    <button
      aria-checked="false"
      class="svelte-Ball"
      role="switch"
    >
      <div
        class="svelte-Ball"
      >
        32
        <!---->
      </div>
    </button>
    <button
      aria-checked="false"
      class="svelte-Ball"
      role="switch"
    >
      <div
        class="svelte-Ball"
      >
        53
        <!---->
      </div>
    </button>
    <button
      aria-checked="false"
      class="svelte-Ball"
      role="switch"
    >
      <div
        class="svelte-Ball"
      >
        62
        <!---->
      </div>
    </button>
    
    <!---->
    <button
      aria-checked="false"
      class="svelte-Ball"
      role="switch"
    >
      <div
        class="svelte-Ball"
      >
        4
        <!---->
      </div>
    </button>
    <button
      aria-checked="false"
      class="svelte-Ball"
      role="switch"
    >
      <div
        class="svelte-Ball"
      >
        29
        <!---->
      </div>
    </button>
    <button
      aria-checked="false"
      class="svelte-Ball"
      role="switch"
    >
      <div
        class="svelte-Ball"
      >
        free
        <!---->
      </div>
    </button>
    <button
      aria-checked="false"
      class="svelte-Ball"
      role="switch"
    >
      <div
        class="svelte-Ball"
      >
        50
        <!---->
      </div>
    </button>
    <button
      aria-checked="false"
      class="svelte-Ball"
      role="switch"
    >
      <div
        class="svelte-Ball"
      >
        70
        <!---->
      </div>
    </button>
    
    <!---->
    <button
      aria-checked="false"
      class="svelte-Ball"
      role="switch"
    >
      <div
        class="svelte-Ball"
      >
        7
        <!---->
      </div>
    </button>
    <button
      aria-checked="false"
      class="svelte-Ball"
      role="switch"
    >
      <div
        class="svelte-Ball"
      >
        23
        <!---->
      </div>
    </button>
    <button
      aria-checked="false"
      class="svelte-Ball"
      role="switch"
    >
      <div
        class="svelte-Ball"
      >
        37
        <!---->
      </div>
    </button>
    <button
      aria-checked="false"
      class="svelte-Ball"
      role="switch"
    >
      <div
        class="svelte-Ball"
      >
        56
        <!---->
      </div>
    </button>
    <button
      aria-checked="false"
      class="svelte-Ball"
      role="switch"
    >
      <div
        class="svelte-Ball"
      >
        72
        <!---->
      </div>
    </button>
    
    <!---->
    <button
      aria-checked="false"
      class="svelte-Ball"
      role="switch"
    >
      <div
        class="svelte-Ball"
      >
        2
        <!---->
      </div>
    </button>
    <button
      aria-checked="false"
      class="svelte-Ball"
      role="switch"
    >
      <div
        class="svelte-Ball"
      >
        30
        <!---->
      </div>
    </button>
    <button
      aria-checked="false"
      class="svelte-Ball"
      role="switch"
    >
      <div
        class="svelte-Ball"
      >
        31
        <!---->
      </div>
    </button>
    <button
      aria-checked="false"
      class="svelte-Ball"
      role="switch"
    >
      <div
        class="svelte-Ball"
      >
        49
        <!---->
      </div>
    </button>
    <button
      aria-checked="false"
      class="svelte-Ball"
      role="switch"
    >
      <div
        class="svelte-Ball"
      >
        63
        <!---->
      </div>
    </button>
    
    <!---->
     
    <div
      class="foot svelte-Card"
    >
      12345
    </div>
  </div>,
  <div
    class="card svelte-Card"
    data-testid="card"
  >
    <div
      class="svelte-Letter"
    >
      <span
        class="svelte-Letter"
      >
        B
      </span>
    </div>
    <div
      class="svelte-Letter"
    >
      <span
        class="svelte-Letter"
      >
        I
      </span>
    </div>
    <div
      class="svelte-Letter"
    >
      <span
        class="svelte-Letter"
      >
        N
      </span>
    </div>
    <div
      class="svelte-Letter"
    >
      <span
        class="svelte-Letter"
      >
        G
      </span>
    </div>
    <div
      class="svelte-Letter"
    >
      <span
        class="svelte-Letter"
      >
        O
      </span>
    </div>
    <!---->
     
    <!---->
    <button
      aria-checked="false"
      class="svelte-Ball"
      role="switch"
    >
      <div
        class="svelte-Ball"
      >
        12
        <!---->
      </div>
    </button>
    <button
      aria-checked="false"
      class="svelte-Ball"
      role="switch"
    >
      <div
        class="svelte-Ball"
      >
        18
        <!---->
      </div>
    </button>
    <button
      aria-checked="false"
      class="svelte-Ball"
      role="switch"
    >
      <div
        class="svelte-Ball"
      >
        34
        <!---->
      </div>
    </button>
    <button
      aria-checked="false"
      class="svelte-Ball"
      role="switch"
    >
      <div
        class="svelte-Ball"
      >
        47
        <!---->
      </div>
    </button>
    <button
      aria-checked="false"
      class="svelte-Ball"
      role="switch"
    >
      <div
        class="svelte-Ball"
      >
        66
        <!---->
      </div>
    </button>
    
    <!---->
    <button
      aria-checked="false"
      class="svelte-Ball"
      role="switch"
    >
      <div
        class="svelte-Ball"
      >
        13
        <!---->
      </div>
    </button>
    <button
      aria-checked="false"
      class="svelte-Ball"
      role="switch"
    >
      <div
        class="svelte-Ball"
      >
        16
        <!---->
      </div>
    </button>
    <button
      aria-checked="false"
      class="svelte-Ball"
      role="switch"
    >
      <div
        class="svelte-Ball"
      >
        32
        <!---->
      </div>
    </button>
    <button
      aria-checked="false"
      class="svelte-Ball"
      role="switch"
    >
      <div
        class="svelte-Ball"
      >
        53
        <!---->
      </div>
    </button>
    <button
      aria-checked="false"
      class="svelte-Ball"
      role="switch"
    >
      <div
        class="svelte-Ball"
      >
        62
        <!---->
      </div>
    </button>
    
    <!---->
    <button
      aria-checked="false"
      class="svelte-Ball"
      role="switch"
    >
      <div
        class="svelte-Ball"
      >
        4
        <!---->
      </div>
    </button>
    <button
      aria-checked="false"
      class="svelte-Ball"
      role="switch"
    >
      <div
        class="svelte-Ball"
      >
        29
        <!---->
      </div>
    </button>
    <button
      aria-checked="false"
      class="svelte-Ball"
      role="switch"
    >
      <div
        class="svelte-Ball"
      >
        free
        <!---->
      </div>
    </button>
    <button
      aria-checked="false"
      class="svelte-Ball"
      role="switch"
    >
      <div
        class="svelte-Ball"
      >
        50
        <!---->
      </div>
    </button>
    <button
      aria-checked="false"
      class="svelte-Ball"
      role="switch"
    >
      <div
        class="svelte-Ball"
      >
        70
        <!---->
      </div>
    </button>
    
    <!---->
    <button
      aria-checked="false"
      class="svelte-Ball"
      role="switch"
    >
      <div
        class="svelte-Ball"
      >
        7
        <!---->
      </div>
    </button>
    <button
      aria-checked="false"
      class="svelte-Ball"
      role="switch"
    >
      <div
        class="svelte-Ball"
      >
        23
        <!---->
      </div>
    </button>
    <button
      aria-checked="false"
      class="svelte-Ball"
      role="switch"
    >
      <div
        class="svelte-Ball"
      >
        37
        <!---->
      </div>
    </button>
    <button
      aria-checked="false"
      class="svelte-Ball"
      role="switch"
    >
      <div
        class="svelte-Ball"
      >
        56
        <!---->
      </div>
    </button>
    <button
      aria-checked="false"
      class="svelte-Ball"
      role="switch"
    >
      <div
        class="svelte-Ball"
      >
        72
        <!---->
      </div>
    </button>
    
    <!---->
    <button
      aria-checked="false"
      class="svelte-Ball"
      role="switch"
    >
      <div
        class="svelte-Ball"
      >
        2
        <!---->
      </div>
    </button>
    <button
      aria-checked="false"
      class="svelte-Ball"
      role="switch"
    >
      <div
        class="svelte-Ball"
      >
        30
        <!---->
      </div>
    </button>
    <button
      aria-checked="false"
      class="svelte-Ball"
      role="switch"
    >
      <div
        class="svelte-Ball"
      >
        31
        <!---->
      </div>
    </button>
    <button
      aria-checked="false"
      class="svelte-Ball"
      role="switch"
    >
      <div
        class="svelte-Ball"
      >
        49
        <!---->
      </div>
    </button>
    <button
      aria-checked="false"
      class="svelte-Ball"
      role="switch"
    >
      <div
        class="svelte-Ball"
      >
        63
        <!---->
      </div>
    </button>
    
    <!---->
     
    <div
      class="foot svelte-Card"
    >
      12345
    </div>
  </div>,
  <div
    class="card svelte-Card"
    data-testid="card"
  >
    <div
      class="svelte-Letter"
    >
      <span
        class="svelte-Letter"
      >
        B
      </span>
    </div>
    <div
      class="svelte-Letter"
    >
      <span
        class="svelte-Letter"
      >
        I
      </span>
    </div>
    <div
      class="svelte-Letter"
    >
      <span
        class="svelte-Letter"
      >
        N
      </span>
    </div>
    <div
      class="svelte-Letter"
    >
      <span
        class="svelte-Letter"
      >
        G
      </span>
    </div>
    <div
      class="svelte-Letter"
    >
      <span
        class="svelte-Letter"
      >
        O
      </span>
    </div>
    <!---->
     
    <!---->
    <button
      aria-checked="false"
      class="svelte-Ball"
      role="switch"
    >
      <div
        class="svelte-Ball"
      >
        12
        <!---->
      </div>
    </button>
    <button
      aria-checked="false"
      class="svelte-Ball"
      role="switch"
    >
      <div
        class="svelte-Ball"
      >
        18
        <!---->
      </div>
    </button>
    <button
      aria-checked="false"
      class="svelte-Ball"
      role="switch"
    >
      <div
        class="svelte-Ball"
      >
        34
        <!---->
      </div>
    </button>
    <button
      aria-checked="false"
      class="svelte-Ball"
      role="switch"
    >
      <div
        class="svelte-Ball"
      >
        47
        <!---->
      </div>
    </button>
    <button
      aria-checked="false"
      class="svelte-Ball"
      role="switch"
    >
      <div
        class="svelte-Ball"
      >
        66
        <!---->
      </div>
    </button>
    
    <!---->
    <button
      aria-checked="false"
      class="svelte-Ball"
      role="switch"
    >
      <div
        class="svelte-Ball"
      >
        13
        <!---->
      </div>
    </button>
    <button
      aria-checked="false"
      class="svelte-Ball"
      role="switch"
    >
      <div
        class="svelte-Ball"
      >
        16
        <!---->
      </div>
    </button>
    <button
      aria-checked="false"
      class="svelte-Ball"
      role="switch"
    >
      <div
        class="svelte-Ball"
      >
        32
        <!---->
      </div>
    </button>
    <button
      aria-checked="false"
      class="svelte-Ball"
      role="switch"
    >
      <div
        class="svelte-Ball"
      >
        53
        <!---->
      </div>
    </button>
    <button
      aria-checked="false"
      class="svelte-Ball"
      role="switch"
    >
      <div
        class="svelte-Ball"
      >
        62
        <!---->
      </div>
    </button>
    
    <!---->
    <button
      aria-checked="false"
      class="svelte-Ball"
      role="switch"
    >
      <div
        class="svelte-Ball"
      >
        4
        <!---->
      </div>
    </button>
    <button
      aria-checked="false"
      class="svelte-Ball"
      role="switch"
    >
      <div
        class="svelte-Ball"
      >
        29
        <!---->
      </div>
    </button>
    <button
      aria-checked="false"
      class="svelte-Ball"
      role="switch"
    >
      <div
        class="svelte-Ball"
      >
        free
        <!---->
      </div>
    </button>
    <button
      aria-checked="false"
      class="svelte-Ball"
      role="switch"
    >
      <div
        class="svelte-Ball"
      >
        50
        <!---->
      </div>
    </button>
    <button
      aria-checked="false"
      class="svelte-Ball"
      role="switch"
    >
      <div
        class="svelte-Ball"
      >
        70
        <!---->
      </div>
    </button>
    
    <!---->
    <button
      aria-checked="false"
      class="svelte-Ball"
      role="switch"
    >
      <div
        class="svelte-Ball"
      >
        7
        <!---->
      </div>
    </button>
    <button
      aria-checked="false"
      class="svelte-Ball"
      role="switch"
    >
      <div
        class="svelte-Ball"
      >
        23
        <!---->
      </div>
    </button>
    <button
      aria-checked="false"
      class="svelte-Ball"
      role="switch"
    >
      <div
        class="svelte-Ball"
      >
        37
        <!---->
      </div>
    </button>
    <button
      aria-checked="false"
      class="svelte-Ball"
      role="switch"
    >
      <div
        class="svelte-Ball"
      >
        56
        <!---->
      </div>
    </button>
    <button
      aria-checked="false"
      class="svelte-Ball"
      role="switch"
    >
      <div
        class="svelte-Ball"
      >
        72
        <!---->
      </div>
    </button>
    
    <!---->
    <button
      aria-checked="false"
      class="svelte-Ball"
      role="switch"
    >
      <div
        class="svelte-Ball"
      >
        2
        <!---->
      </div>
    </button>
    <button
      aria-checked="false"
      class="svelte-Ball"
      role="switch"
    >
      <div
        class="svelte-Ball"
      >
        30
        <!---->
      </div>
    </button>
    <button
      aria-checked="false"
      class="svelte-Ball"
      role="switch"
    >
      <div
        class="svelte-Ball"
      >
        31
        <!---->
      </div>
    </button>
    <button
      aria-checked="false"
      class="svelte-Ball"
      role="switch"
    >
      <div
        class="svelte-Ball"
      >
        49
        <!---->
      </div>
    </button>
    <button
      aria-checked="false"
      class="svelte-Ball"
      role="switch"
    >
      <div
        class="svelte-Ball"
      >
        63
        <!---->
      </div>
    </button>
    
    <!---->
     
    <div
      class="foot svelte-Card"
    >
      12345
    </div>
  </div>,
  <div
    class="card svelte-Card"
    data-testid="card"
  >
    <div
      class="svelte-Letter"
    >
      <span
        class="svelte-Letter"
      >
        B
      </span>
    </div>
    <div
      class="svelte-Letter"
    >
      <span
        class="svelte-Letter"
      >
        I
      </span>
    </div>
    <div
      class="svelte-Letter"
    >
      <span
        class="svelte-Letter"
      >
        N
      </span>
    </div>
    <div
      class="svelte-Letter"
    >
      <span
        class="svelte-Letter"
      >
        G
      </span>
    </div>
    <div
      class="svelte-Letter"
    >
      <span
        class="svelte-Letter"
      >
        O
      </span>
    </div>
    <!---->
     
    <!---->
    <button
      aria-checked="false"
      class="svelte-Ball"
      role="switch"
    >
      <div
        class="svelte-Ball"
      >
        12
        <!---->
      </div>
    </button>
    <button
      aria-checked="false"
      class="svelte-Ball"
      role="switch"
    >
      <div
        class="svelte-Ball"
      >
        18
        <!---->
      </div>
    </button>
    <button
      aria-checked="false"
      class="svelte-Ball"
      role="switch"
    >
      <div
        class="svelte-Ball"
      >
        34
        <!---->
      </div>
    </button>
    <button
      aria-checked="false"
      class="svelte-Ball"
      role="switch"
    >
      <div
        class="svelte-Ball"
      >
        47
        <!---->
      </div>
    </button>
    <button
      aria-checked="false"
      class="svelte-Ball"
      role="switch"
    >
      <div
        class="svelte-Ball"
      >
        66
        <!---->
      </div>
    </button>
    
    <!---->
    <button
      aria-checked="false"
      class="svelte-Ball"
      role="switch"
    >
      <div
        class="svelte-Ball"
      >
        13
        <!---->
      </div>
    </button>
    <button
      aria-checked="false"
      class="svelte-Ball"
      role="switch"
    >
      <div
        class="svelte-Ball"
      >
        16
        <!---->
      </div>
    </button>
    <button
      aria-checked="false"
      class="svelte-Ball"
      role="switch"
    >
      <div
        class="svelte-Ball"
      >
        32
        <!---->
      </div>
    </button>
    <button
      aria-checked="false"
      class="svelte-Ball"
      role="switch"
    >
      <div
        class="svelte-Ball"
      >
        53
        <!---->
      </div>
    </button>
    <button
      aria-checked="false"
      class="svelte-Ball"
      role="switch"
    >
      <div
        class="svelte-Ball"
      >
        62
        <!---->
      </div>
    </button>
    
    <!---->
    <button
      aria-checked="false"
      class="svelte-Ball"
      role="switch"
    >
      <div
        class="svelte-Ball"
      >
        4
        <!---->
      </div>
    </button>
    <button
      aria-checked="false"
      class="svelte-Ball"
      role="switch"
    >
      <div
        class="svelte-Ball"
      >
        29
        <!---->
      </div>
    </button>
    <button
      aria-checked="false"
      class="svelte-Ball"
      role="switch"
    >
      <div
        class="svelte-Ball"
      >
        free
        <!---->
      </div>
    </button>
    <button
      aria-checked="false"
      class="svelte-Ball"
      role="switch"
    >
      <div
        class="svelte-Ball"
      >
        50
        <!---->
      </div>
    </button>
    <button
      aria-checked="false"
      class="svelte-Ball"
      role="switch"
    >
      <div
        class="svelte-Ball"
      >
        70
        <!---->
      </div>
    </button>
    
    <!---->
    <button
      aria-checked="false"
      class="svelte-Ball"
      role="switch"
    >
      <div
        class="svelte-Ball"
      >
        7
        <!---->
      </div>
    </button>
    <button
      aria-checked="false"
      class="svelte-Ball"
      role="switch"
    >
      <div
        class="svelte-Ball"
      >
        23
        <!---->
      </div>
    </button>
    <button
      aria-checked="false"
      class="svelte-Ball"
      role="switch"
    >
      <div
        class="svelte-Ball"
      >
        37
        <!---->
      </div>
    </button>
    <button
      aria-checked="false"
      class="svelte-Ball"
      role="switch"
    >
      <div
        class="svelte-Ball"
      >
        56
        <!---->
      </div>
    </button>
    <button
      aria-checked="false"
      class="svelte-Ball"
      role="switch"
    >
      <div
        class="svelte-Ball"
      >
        72
        <!---->
      </div>
    </button>
    
    <!---->
    <button
      aria-checked="false"
      class="svelte-Ball"
      role="switch"
    >
      <div
        class="svelte-Ball"
      >
        2
        <!---->
      </div>
    </button>
    <button
      aria-checked="false"
      class="svelte-Ball"
      role="switch"
    >
      <div
        class="svelte-Ball"
      >
        30
        <!---->
      </div>
    </button>
    <button
      aria-checked="false"
      class="svelte-Ball"
      role="switch"
    >
      <div
        class="svelte-Ball"
      >
        31
        <!---->
      </div>
    </button>
    <button
      aria-checked="false"
      class="svelte-Ball"
      role="switch"
    >
      <div
        class="svelte-Ball"
      >
        49
        <!---->
      </div>
    </button>
    <button
      aria-checked="false"
      class="svelte-Ball"
      role="switch"
    >
      <div
        class="svelte-Ball"
      >
        63
        <!---->
      </div>
    </button>
    
    <!---->
     
    <div
      class="foot svelte-Card"
    >
      12345
    </div>
  </div>,
]
`;
