// Vitest Snapshot v1, https://vitest.dev/guide/snapshot.html

exports[`GameMaps > when interval passes > should not update normal to next map 1`] = `
<button
  aria-label="Select Game"
  class="svelte-GameMap"
  type="button"
>
  <!---->
  <div
    class="svelte-GameMap filled"
  />
  <div
    class="svelte-GameMap filled"
  />
  <div
    class="svelte-GameMap filled"
  />
  <div
    class="svelte-GameMap filled"
  />
  <div
    class="svelte-GameMap filled"
  />
  
  <!---->
  <div
    class="svelte-GameMap"
  />
  <div
    class="svelte-GameMap"
  />
  <div
    class="svelte-GameMap"
  />
  <div
    class="svelte-GameMap"
  />
  <div
    class="svelte-GameMap"
  />
  
  <!---->
  <div
    class="svelte-GameMap"
  />
  <div
    class="svelte-GameMap"
  />
  <div
    class="svelte-GameMap"
  />
  <div
    class="svelte-GameMap"
  />
  <div
    class="svelte-GameMap"
  />
  
  <!---->
  <div
    class="svelte-GameMap"
  />
  <div
    class="svelte-GameMap"
  />
  <div
    class="svelte-GameMap"
  />
  <div
    class="svelte-GameMap"
  />
  <div
    class="svelte-GameMap"
  />
  
  <!---->
  <div
    class="svelte-GameMap"
  />
  <div
    class="svelte-GameMap"
  />
  <div
    class="svelte-GameMap"
  />
  <div
    class="svelte-GameMap"
  />
  <div
    class="svelte-GameMap"
  />
  
  
</button>
`;

exports[`GameMaps > when interval passes > should not update normal to next map 2`] = `
<button
  aria-label="Select Game"
  class="svelte-GameMap"
  type="button"
>
  <!---->
  <div
    class="svelte-GameMap filled"
  />
  <div
    class="svelte-GameMap filled"
  />
  <div
    class="svelte-GameMap filled"
  />
  <div
    class="svelte-GameMap filled"
  />
  <div
    class="svelte-GameMap filled"
  />
  
  <!---->
  <div
    class="svelte-GameMap"
  />
  <div
    class="svelte-GameMap"
  />
  <div
    class="svelte-GameMap"
  />
  <div
    class="svelte-GameMap"
  />
  <div
    class="svelte-GameMap"
  />
  
  <!---->
  <div
    class="svelte-GameMap"
  />
  <div
    class="svelte-GameMap"
  />
  <div
    class="svelte-GameMap"
  />
  <div
    class="svelte-GameMap"
  />
  <div
    class="svelte-GameMap"
  />
  
  <!---->
  <div
    class="svelte-GameMap"
  />
  <div
    class="svelte-GameMap"
  />
  <div
    class="svelte-GameMap"
  />
  <div
    class="svelte-GameMap"
  />
  <div
    class="svelte-GameMap"
  />
  
  <!---->
  <div
    class="svelte-GameMap"
  />
  <div
    class="svelte-GameMap"
  />
  <div
    class="svelte-GameMap"
  />
  <div
    class="svelte-GameMap"
  />
  <div
    class="svelte-GameMap"
  />
  
  
</button>
`;

exports[`GameMaps > when normal game is selected > should animate the map 1`] = `
<button
  aria-label="Select Game"
  class="svelte-GameMap"
  type="button"
>
  <!---->
  <div
    class="svelte-GameMap"
  />
  <div
    class="svelte-GameMap"
  />
  <div
    class="svelte-GameMap"
  />
  <div
    class="svelte-GameMap"
  />
  <div
    class="svelte-GameMap"
  />
  
  <!---->
  <div
    class="svelte-GameMap"
  />
  <div
    class="svelte-GameMap"
  />
  <div
    class="svelte-GameMap"
  />
  <div
    class="svelte-GameMap"
  />
  <div
    class="svelte-GameMap"
  />
  
  <!---->
  <div
    class="svelte-GameMap filled"
  />
  <div
    class="svelte-GameMap filled"
  />
  <div
    class="svelte-GameMap filled"
  />
  <div
    class="svelte-GameMap filled"
  />
  <div
    class="svelte-GameMap filled"
  />
  
  <!---->
  <div
    class="svelte-GameMap"
  />
  <div
    class="svelte-GameMap"
  />
  <div
    class="svelte-GameMap"
  />
  <div
    class="svelte-GameMap"
  />
  <div
    class="svelte-GameMap"
  />
  
  <!---->
  <div
    class="svelte-GameMap"
  />
  <div
    class="svelte-GameMap"
  />
  <div
    class="svelte-GameMap"
  />
  <div
    class="svelte-GameMap"
  />
  <div
    class="svelte-GameMap"
  />
  
  
</button>
`;
