// Jest Snapshot v1, https://goo.gl/fbAQLP

exports[`Card when loaded should display the card 1`] = `
<div
  class="card svelte-ayymqd"
  data-testid="card"
>
  <div
    class="svelte-14jn1vn"
  >
    <span
      class="svelte-14jn1vn"
    >
      B
    </span>
  </div>
  <div
    class="svelte-14jn1vn"
  >
    <span
      class="svelte-14jn1vn"
    >
      I
    </span>
  </div>
  <div
    class="svelte-14jn1vn"
  >
    <span
      class="svelte-14jn1vn"
    >
      N
    </span>
  </div>
  <div
    class="svelte-14jn1vn"
  >
    <span
      class="svelte-14jn1vn"
    >
      G
    </span>
  </div>
  <div
    class="svelte-14jn1vn"
  >
    <span
      class="svelte-14jn1vn"
    >
      O
    </span>
  </div>
   
  <button
    aria-checked="true"
    class="svelte-1q3vljt"
    role="switch"
  >
    <div
      class="svelte-1q3vljt"
    >
      12
    </div>
  </button>
  <button
    aria-checked="false"
    class="svelte-1q3vljt"
    role="switch"
  >
    <div
      class="svelte-1q3vljt"
    >
      18
    </div>
  </button>
  <button
    aria-checked="false"
    class="svelte-1q3vljt"
    role="switch"
  >
    <div
      class="svelte-1q3vljt"
    >
      34
    </div>
  </button>
  <button
    aria-checked="false"
    class="svelte-1q3vljt"
    role="switch"
  >
    <div
      class="svelte-1q3vljt"
    >
      47
    </div>
  </button>
  <button
    aria-checked="false"
    class="svelte-1q3vljt"
    role="switch"
  >
    <div
      class="svelte-1q3vljt"
    >
      66
    </div>
  </button>
  
  <button
    aria-checked="false"
    class="svelte-1q3vljt"
    role="switch"
  >
    <div
      class="svelte-1q3vljt"
    >
      13
    </div>
  </button>
  <button
    aria-checked="false"
    class="svelte-1q3vljt"
    role="switch"
  >
    <div
      class="svelte-1q3vljt"
    >
      16
    </div>
  </button>
  <button
    aria-checked="false"
    class="svelte-1q3vljt"
    role="switch"
  >
    <div
      class="svelte-1q3vljt"
    >
      32
    </div>
  </button>
  <button
    aria-checked="false"
    class="svelte-1q3vljt"
    role="switch"
  >
    <div
      class="svelte-1q3vljt"
    >
      53
    </div>
  </button>
  <button
    aria-checked="false"
    class="svelte-1q3vljt"
    role="switch"
  >
    <div
      class="svelte-1q3vljt"
    >
      62
    </div>
  </button>
  
  <button
    aria-checked="false"
    class="svelte-1q3vljt"
    role="switch"
  >
    <div
      class="svelte-1q3vljt"
    >
      4
    </div>
  </button>
  <button
    aria-checked="false"
    class="svelte-1q3vljt"
    role="switch"
  >
    <div
      class="svelte-1q3vljt"
    >
      29
    </div>
  </button>
  <button
    aria-checked="true"
    class="svelte-1q3vljt"
    role="switch"
  >
    <div
      class="svelte-1q3vljt"
    >
      free
    </div>
  </button>
  <button
    aria-checked="false"
    class="svelte-1q3vljt"
    role="switch"
  >
    <div
      class="svelte-1q3vljt"
    >
      50
    </div>
  </button>
  <button
    aria-checked="false"
    class="svelte-1q3vljt"
    role="switch"
  >
    <div
      class="svelte-1q3vljt"
    >
      70
    </div>
  </button>
  
  <button
    aria-checked="false"
    class="svelte-1q3vljt"
    role="switch"
  >
    <div
      class="svelte-1q3vljt"
    >
      7
    </div>
  </button>
  <button
    aria-checked="false"
    class="svelte-1q3vljt"
    role="switch"
  >
    <div
      class="svelte-1q3vljt"
    >
      23
    </div>
  </button>
  <button
    aria-checked="false"
    class="svelte-1q3vljt"
    role="switch"
  >
    <div
      class="svelte-1q3vljt"
    >
      37
    </div>
  </button>
  <button
    aria-checked="false"
    class="svelte-1q3vljt"
    role="switch"
  >
    <div
      class="svelte-1q3vljt"
    >
      56
    </div>
  </button>
  <button
    aria-checked="false"
    class="svelte-1q3vljt"
    role="switch"
  >
    <div
      class="svelte-1q3vljt"
    >
      72
    </div>
  </button>
  
  <button
    aria-checked="false"
    class="svelte-1q3vljt"
    role="switch"
  >
    <div
      class="svelte-1q3vljt"
    >
      2
    </div>
  </button>
  <button
    aria-checked="false"
    class="svelte-1q3vljt"
    role="switch"
  >
    <div
      class="svelte-1q3vljt"
    >
      30
    </div>
  </button>
  <button
    aria-checked="false"
    class="svelte-1q3vljt"
    role="switch"
  >
    <div
      class="svelte-1q3vljt"
    >
      31
    </div>
  </button>
  <button
    aria-checked="false"
    class="svelte-1q3vljt"
    role="switch"
  >
    <div
      class="svelte-1q3vljt"
    >
      49
    </div>
  </button>
  <button
    aria-checked="true"
    class="svelte-1q3vljt"
    role="switch"
  >
    <div
      class="svelte-1q3vljt"
    >
      63
    </div>
  </button>
  
   
  <div
    class="foot svelte-ayymqd"
  >
    12345
  </div>
</div>
`;
